
===========================================================================
report_checks -unconstrained
===========================================================================
======================= Typical Corner ===================================

Startpoint: reset (input port clocked by clk)
Endpoint: _2006_ (recovery check against rising-edge clock clk)
Path Group: asynchronous
Path Type: max

Fanout     Cap    Slew   Delay    Time   Description
-----------------------------------------------------------------------------
                  0.15    0.00    0.00   clock clk (rise edge)
                          0.00    0.00   clock network delay (ideal)
                          2.00    2.00 v input external delay
     1    0.01    0.03    0.02    2.02 v reset (in)
                                         reset (net)
                  0.03    0.00    2.02 v _1835_/A (sky130_fd_sc_hd__buf_1)
     4    0.02    0.12    0.16    2.18 v _1835_/X (sky130_fd_sc_hd__buf_1)
                                         _0955_ (net)
                  0.12    0.00    2.19 v _1836_/A (sky130_fd_sc_hd__buf_1)
     3    0.01    0.08    0.17    2.36 v _1836_/X (sky130_fd_sc_hd__buf_1)
                                         _0956_ (net)
                  0.08    0.00    2.36 v _1837_/A (sky130_fd_sc_hd__buf_1)
     5    0.02    0.14    0.20    2.56 v _1837_/X (sky130_fd_sc_hd__buf_1)
                                         _0957_ (net)
                  0.14    0.00    2.56 v _1847_/A (sky130_fd_sc_hd__buf_1)
    10    0.05    0.30    0.35    2.92 v _1847_/X (sky130_fd_sc_hd__buf_1)
                                         _0959_ (net)
                  0.30    0.00    2.92 v _1856_/A (sky130_fd_sc_hd__inv_2)
     1    0.00    0.07    0.12    3.04 ^ _1856_/Y (sky130_fd_sc_hd__inv_2)
                                         _0016_ (net)
                  0.07    0.00    3.04 ^ _2006_/RESET_B (sky130_fd_sc_hd__dfrtp_2)
                                  3.04   data arrival time

                  0.15   10.00   10.00   clock clk (rise edge)
                          0.00   10.00   clock network delay (ideal)
                         -0.25    9.75   clock uncertainty
                          0.00    9.75   clock reconvergence pessimism
                                  9.75 ^ _2006_/CLK (sky130_fd_sc_hd__dfrtp_2)
                          0.24    9.99   library recovery time
                                  9.99   data required time
-----------------------------------------------------------------------------
                                  9.99   data required time
                                 -3.04   data arrival time
-----------------------------------------------------------------------------
                                  6.96   slack (MET)


Startpoint: control (input port clocked by clk)
Endpoint: result[29] (output port clocked by clk)
Path Group: clk
Path Type: max

Fanout     Cap    Slew   Delay    Time   Description
-----------------------------------------------------------------------------
                  0.15    0.00    0.00   clock clk (rise edge)
                          0.00    0.00   clock network delay (ideal)
                          2.00    2.00 v input external delay
     8    0.03    0.07    0.05    2.05 v control (in)
                                         control (net)
                  0.07    0.00    2.05 v _1008_/D (sky130_fd_sc_hd__and4b_2)
     2    0.01    0.05    0.26    2.31 v _1008_/X (sky130_fd_sc_hd__and4b_2)
                                         _0288_ (net)
                  0.05    0.00    2.31 v _1009_/A (sky130_fd_sc_hd__buf_1)
    10    0.03    0.18    0.22    2.54 v _1009_/X (sky130_fd_sc_hd__buf_1)
                                         _0289_ (net)
                  0.18    0.00    2.54 v _1036_/B (sky130_fd_sc_hd__and2_2)
     8    0.03    0.09    0.33    2.86 v _1036_/X (sky130_fd_sc_hd__and2_2)
                                         _0316_ (net)
                  0.09    0.00    2.86 v _1037_/B1 (sky130_fd_sc_hd__a211o_2)
     4    0.01    0.08    0.38    3.24 v _1037_/X (sky130_fd_sc_hd__a211o_2)
                                         _0317_ (net)
                  0.08    0.00    3.24 v _1038_/D (sky130_fd_sc_hd__or4_2)
     4    0.02    0.15    0.66    3.90 v _1038_/X (sky130_fd_sc_hd__or4_2)
                                         _0318_ (net)
                  0.15    0.00    3.90 v _1039_/C (sky130_fd_sc_hd__or3_2)
     5    0.02    0.13    0.55    4.45 v _1039_/X (sky130_fd_sc_hd__or3_2)
                                         _0319_ (net)
                  0.13    0.00    4.45 v _1046_/B (sky130_fd_sc_hd__or3_2)
     1    0.00    0.07    0.49    4.94 v _1046_/X (sky130_fd_sc_hd__or3_2)
                                         _0326_ (net)
                  0.07    0.00    4.94 v _1047_/A (sky130_fd_sc_hd__buf_1)
     7    0.02    0.14    0.20    5.14 v _1047_/X (sky130_fd_sc_hd__buf_1)
                                         _0327_ (net)
                  0.14    0.00    5.14 v _1049_/B (sky130_fd_sc_hd__nor3_2)
     3    0.02    0.33    0.36    5.50 ^ _1049_/Y (sky130_fd_sc_hd__nor3_2)
                                         _0329_ (net)
                  0.33    0.00    5.50 ^ _1057_/A (sky130_fd_sc_hd__and3_2)
     1    0.00    0.04    0.25    5.74 ^ _1057_/X (sky130_fd_sc_hd__and3_2)
                                         _0337_ (net)
                  0.04    0.00    5.74 ^ _1058_/A (sky130_fd_sc_hd__buf_1)
     8    0.04    0.46    0.39    6.13 ^ _1058_/X (sky130_fd_sc_hd__buf_1)
                                         _0338_ (net)
                  0.46    0.00    6.14 ^ _1065_/A (sky130_fd_sc_hd__and4_2)
     1    0.00    0.06    0.32    6.46 ^ _1065_/X (sky130_fd_sc_hd__and4_2)
                                         _0345_ (net)
                  0.06    0.00    6.46 ^ _1066_/A (sky130_fd_sc_hd__buf_1)
     6    0.03    0.32    0.29    6.74 ^ _1066_/X (sky130_fd_sc_hd__buf_1)
                                         _0346_ (net)
                  0.32    0.00    6.75 ^ _1068_/B (sky130_fd_sc_hd__nand3b_2)
     8    0.03    0.20    0.25    7.00 v _1068_/Y (sky130_fd_sc_hd__nand3b_2)
                                         _0348_ (net)
                  0.20    0.00    7.00 v _1197_/B (sky130_fd_sc_hd__and3_2)
     3    0.01    0.05    0.29    7.29 v _1197_/X (sky130_fd_sc_hd__and3_2)
                                         _0477_ (net)
                  0.05    0.00    7.29 v _1203_/A (sky130_fd_sc_hd__or4_2)
     3    0.01    0.11    0.71    8.01 v _1203_/X (sky130_fd_sc_hd__or4_2)
                                         _0483_ (net)
                  0.11    0.00    8.01 v _1237_/A (sky130_fd_sc_hd__or4_2)
     1    0.00    0.10    0.70    8.71 v _1237_/X (sky130_fd_sc_hd__or4_2)
                                         _0517_ (net)
                  0.10    0.00    8.71 v _1248_/A2 (sky130_fd_sc_hd__o211a_2)
     4    0.02    0.07    0.31    9.02 v _1248_/X (sky130_fd_sc_hd__o211a_2)
                                         _0528_ (net)
                  0.07    0.00    9.02 v _1263_/B (sky130_fd_sc_hd__or4_2)
     2    0.01    0.11    0.70    9.72 v _1263_/X (sky130_fd_sc_hd__or4_2)
                                         _0543_ (net)
                  0.11    0.00    9.72 v _1388_/A (sky130_fd_sc_hd__and2_2)
     2    0.01    0.05    0.22    9.94 v _1388_/X (sky130_fd_sc_hd__and2_2)
                                         _0666_ (net)
                  0.05    0.00    9.94 v _1389_/A (sky130_fd_sc_hd__or2_2)
     3    0.01    0.07    0.33   10.27 v _1389_/X (sky130_fd_sc_hd__or2_2)
                                         _0667_ (net)
                  0.07    0.00   10.27 v _1391_/A2 (sky130_fd_sc_hd__a21o_2)
     1    0.00    0.03    0.22   10.50 v _1391_/X (sky130_fd_sc_hd__a21o_2)
                                         _0669_ (net)
                  0.03    0.00   10.50 v _1410_/A3 (sky130_fd_sc_hd__a31o_2)
     2    0.05    0.13    0.35   10.85 v _1410_/X (sky130_fd_sc_hd__a31o_2)
                                         result[29] (net)
                  0.13    0.01   10.85 v result[29] (out)
                                 10.85   data arrival time

                  0.15   10.00   10.00   clock clk (rise edge)
                          0.00   10.00   clock network delay (ideal)
                         -0.25    9.75   clock uncertainty
                          0.00    9.75   clock reconvergence pessimism
                         -2.00    7.75   output external delay
                                  7.75   data required time
-----------------------------------------------------------------------------
                                  7.75   data required time
                                -10.85   data arrival time
-----------------------------------------------------------------------------
                                 -3.10   slack (VIOLATED)




===========================================================================
report_checks --slack_max -0.01
============================================================================
======================= Typical Corner ===================================

Startpoint: control (input port clocked by clk)
Endpoint: result[29] (output port clocked by clk)
Path Group: clk
Path Type: max

Fanout     Cap    Slew   Delay    Time   Description
-----------------------------------------------------------------------------
                  0.15    0.00    0.00   clock clk (rise edge)
                          0.00    0.00   clock network delay (ideal)
                          2.00    2.00 v input external delay
     8    0.03    0.07    0.05    2.05 v control (in)
                                         control (net)
                  0.07    0.00    2.05 v _1008_/D (sky130_fd_sc_hd__and4b_2)
     2    0.01    0.05    0.26    2.31 v _1008_/X (sky130_fd_sc_hd__and4b_2)
                                         _0288_ (net)
                  0.05    0.00    2.31 v _1009_/A (sky130_fd_sc_hd__buf_1)
    10    0.03    0.18    0.22    2.54 v _1009_/X (sky130_fd_sc_hd__buf_1)
                                         _0289_ (net)
                  0.18    0.00    2.54 v _1036_/B (sky130_fd_sc_hd__and2_2)
     8    0.03    0.09    0.33    2.86 v _1036_/X (sky130_fd_sc_hd__and2_2)
                                         _0316_ (net)
                  0.09    0.00    2.86 v _1037_/B1 (sky130_fd_sc_hd__a211o_2)
     4    0.01    0.08    0.38    3.24 v _1037_/X (sky130_fd_sc_hd__a211o_2)
                                         _0317_ (net)
                  0.08    0.00    3.24 v _1038_/D (sky130_fd_sc_hd__or4_2)
     4    0.02    0.15    0.66    3.90 v _1038_/X (sky130_fd_sc_hd__or4_2)
                                         _0318_ (net)
                  0.15    0.00    3.90 v _1039_/C (sky130_fd_sc_hd__or3_2)
     5    0.02    0.13    0.55    4.45 v _1039_/X (sky130_fd_sc_hd__or3_2)
                                         _0319_ (net)
                  0.13    0.00    4.45 v _1046_/B (sky130_fd_sc_hd__or3_2)
     1    0.00    0.07    0.49    4.94 v _1046_/X (sky130_fd_sc_hd__or3_2)
                                         _0326_ (net)
                  0.07    0.00    4.94 v _1047_/A (sky130_fd_sc_hd__buf_1)
     7    0.02    0.14    0.20    5.14 v _1047_/X (sky130_fd_sc_hd__buf_1)
                                         _0327_ (net)
                  0.14    0.00    5.14 v _1049_/B (sky130_fd_sc_hd__nor3_2)
     3    0.02    0.33    0.36    5.50 ^ _1049_/Y (sky130_fd_sc_hd__nor3_2)
                                         _0329_ (net)
                  0.33    0.00    5.50 ^ _1057_/A (sky130_fd_sc_hd__and3_2)
     1    0.00    0.04    0.25    5.74 ^ _1057_/X (sky130_fd_sc_hd__and3_2)
                                         _0337_ (net)
                  0.04    0.00    5.74 ^ _1058_/A (sky130_fd_sc_hd__buf_1)
     8    0.04    0.46    0.39    6.13 ^ _1058_/X (sky130_fd_sc_hd__buf_1)
                                         _0338_ (net)
                  0.46    0.00    6.14 ^ _1065_/A (sky130_fd_sc_hd__and4_2)
     1    0.00    0.06    0.32    6.46 ^ _1065_/X (sky130_fd_sc_hd__and4_2)
                                         _0345_ (net)
                  0.06    0.00    6.46 ^ _1066_/A (sky130_fd_sc_hd__buf_1)
     6    0.03    0.32    0.29    6.74 ^ _1066_/X (sky130_fd_sc_hd__buf_1)
                                         _0346_ (net)
                  0.32    0.00    6.75 ^ _1068_/B (sky130_fd_sc_hd__nand3b_2)
     8    0.03    0.20    0.25    7.00 v _1068_/Y (sky130_fd_sc_hd__nand3b_2)
                                         _0348_ (net)
                  0.20    0.00    7.00 v _1197_/B (sky130_fd_sc_hd__and3_2)
     3    0.01    0.05    0.29    7.29 v _1197_/X (sky130_fd_sc_hd__and3_2)
                                         _0477_ (net)
                  0.05    0.00    7.29 v _1203_/A (sky130_fd_sc_hd__or4_2)
     3    0.01    0.11    0.71    8.01 v _1203_/X (sky130_fd_sc_hd__or4_2)
                                         _0483_ (net)
                  0.11    0.00    8.01 v _1237_/A (sky130_fd_sc_hd__or4_2)
     1    0.00    0.10    0.70    8.71 v _1237_/X (sky130_fd_sc_hd__or4_2)
                                         _0517_ (net)
                  0.10    0.00    8.71 v _1248_/A2 (sky130_fd_sc_hd__o211a_2)
     4    0.02    0.07    0.31    9.02 v _1248_/X (sky130_fd_sc_hd__o211a_2)
                                         _0528_ (net)
                  0.07    0.00    9.02 v _1263_/B (sky130_fd_sc_hd__or4_2)
     2    0.01    0.11    0.70    9.72 v _1263_/X (sky130_fd_sc_hd__or4_2)
                                         _0543_ (net)
                  0.11    0.00    9.72 v _1388_/A (sky130_fd_sc_hd__and2_2)
     2    0.01    0.05    0.22    9.94 v _1388_/X (sky130_fd_sc_hd__and2_2)
                                         _0666_ (net)
                  0.05    0.00    9.94 v _1389_/A (sky130_fd_sc_hd__or2_2)
     3    0.01    0.07    0.33   10.27 v _1389_/X (sky130_fd_sc_hd__or2_2)
                                         _0667_ (net)
                  0.07    0.00   10.27 v _1391_/A2 (sky130_fd_sc_hd__a21o_2)
     1    0.00    0.03    0.22   10.50 v _1391_/X (sky130_fd_sc_hd__a21o_2)
                                         _0669_ (net)
                  0.03    0.00   10.50 v _1410_/A3 (sky130_fd_sc_hd__a31o_2)
     2    0.05    0.13    0.35   10.85 v _1410_/X (sky130_fd_sc_hd__a31o_2)
                                         result[29] (net)
                  0.13    0.01   10.85 v result[29] (out)
                                 10.85   data arrival time

                  0.15   10.00   10.00   clock clk (rise edge)
                          0.00   10.00   clock network delay (ideal)
                         -0.25    9.75   clock uncertainty
                          0.00    9.75   clock reconvergence pessimism
                         -2.00    7.75   output external delay
                                  7.75   data required time
-----------------------------------------------------------------------------
                                  7.75   data required time
                                -10.85   data arrival time
-----------------------------------------------------------------------------
                                 -3.10   slack (VIOLATED)




===========================================================================
 report_check_types -max_slew -max_cap -max_fanout -violators
============================================================================
======================= Typical Corner ===================================

max slew

Pin                                    Limit    Slew   Slack
------------------------------------------------------------
_1357_/S                                0.75    0.78   -0.03 (VIOLATED)
_1310_/A                                0.75    0.78   -0.03 (VIOLATED)
_1383_/S                                0.75    0.78   -0.03 (VIOLATED)
_1443_/S                                0.75    0.78   -0.03 (VIOLATED)
_1455_/S                                0.75    0.78   -0.03 (VIOLATED)
_1345_/S                                0.75    0.78   -0.03 (VIOLATED)
_1440_/A                                0.75    0.78   -0.03 (VIOLATED)
_1332_/S                                0.75    0.78   -0.03 (VIOLATED)
_1376_/S                                0.75    0.78   -0.03 (VIOLATED)
_1307_/A                                0.75    0.78   -0.03 (VIOLATED)
_1306_/Y                                0.75    0.78   -0.03 (VIOLATED)
_1860_/A                                0.75    0.75   -0.00 (VIOLATED)
_1861_/A                                0.75    0.75   -0.00 (VIOLATED)
_1862_/A                                0.75    0.75   -0.00 (VIOLATED)
_1863_/A                                0.75    0.75   -0.00 (VIOLATED)
_1864_/A                                0.75    0.75   -0.00 (VIOLATED)
_1865_/A                                0.75    0.75   -0.00 (VIOLATED)
_1868_/A                                0.75    0.75   -0.00 (VIOLATED)
_1866_/A                                0.75    0.75   -0.00 (VIOLATED)
_1867_/A                                0.75    0.75   -0.00 (VIOLATED)
_1869_/A                                0.75    0.75   -0.00 (VIOLATED)
_1859_/X                                0.75    0.75   -0.00 (VIOLATED)


max slew violations count Typical: 22
max fanout violations count Typical: 0
max cap violations count Typical: 0

===========================================================================
report_parasitic_annotation -report_unannotated
============================================================================
Found 1 unannotated drivers.
 clk
Found 0 partially unannotated drivers.

===========================================================================
max slew violation count 22
max fanout violation count 0
max cap violation count 0
============================================================================

===========================================================================
check_setup -verbose -unconstrained_endpoints -multiple_clock -no_clock -no_input_delay -loops -generated_clocks
===========================================================================
