
===========================================================================
report_checks -unconstrained
===========================================================================
======================= Typical Corner ===================================

Startpoint: reset (input port clocked by clk)
Endpoint: _2023_ (recovery check against rising-edge clock clk)
Path Group: asynchronous
Path Type: max

Fanout     Cap    Slew   Delay    Time   Description
-----------------------------------------------------------------------------
                  0.15    0.00    0.00   clock clk (rise edge)
                          0.00    0.00   clock network delay (ideal)
                          2.00    2.00 v input external delay
     1    0.01    0.03    0.02    2.02 v reset (in)
                                         reset (net)
                  0.03    0.00    2.02 v _1835_/A (sky130_fd_sc_hd__clkbuf_2)
     4    0.02    0.08    0.15    2.17 v _1835_/X (sky130_fd_sc_hd__clkbuf_2)
                                         _0955_ (net)
                  0.08    0.00    2.17 v _1836_/A (sky130_fd_sc_hd__buf_1)
     3    0.01    0.08    0.15    2.33 v _1836_/X (sky130_fd_sc_hd__buf_1)
                                         _0956_ (net)
                  0.08    0.00    2.33 v _1875_/A (sky130_fd_sc_hd__dlymetal6s2s_1)
     4    0.01    0.09    0.21    2.53 v _1875_/X (sky130_fd_sc_hd__dlymetal6s2s_1)
                                         _0963_ (net)
                  0.09    0.00    2.53 v _1876_/A (sky130_fd_sc_hd__clkbuf_4)
     8    0.04    0.09    0.22    2.75 v _1876_/X (sky130_fd_sc_hd__clkbuf_4)
                                         _0964_ (net)
                  0.09    0.00    2.76 v _1878_/A (sky130_fd_sc_hd__inv_2)
     1    0.00    0.04    0.06    2.82 ^ _1878_/Y (sky130_fd_sc_hd__inv_2)
                                         _0033_ (net)
                  0.04    0.00    2.82 ^ _2023_/RESET_B (sky130_fd_sc_hd__dfrtp_1)
                                  2.82   data arrival time

                  0.15   10.00   10.00   clock clk (rise edge)
                          0.00   10.00   clock network delay (ideal)
                         -0.25    9.75   clock uncertainty
                          0.00    9.75   clock reconvergence pessimism
                                  9.75 ^ _2023_/CLK (sky130_fd_sc_hd__dfrtp_1)
                          0.26   10.01   library recovery time
                                 10.01   data required time
-----------------------------------------------------------------------------
                                 10.01   data required time
                                 -2.82   data arrival time
-----------------------------------------------------------------------------
                                  7.19   slack (MET)


Startpoint: control (input port clocked by clk)
Endpoint: result[31] (output port clocked by clk)
Path Group: clk
Path Type: max

Fanout     Cap    Slew   Delay    Time   Description
-----------------------------------------------------------------------------
                  0.15    0.00    0.00   clock clk (rise edge)
                          0.00    0.00   clock network delay (ideal)
                          2.00    2.00 v input external delay
     1    0.00    0.01    0.00    2.00 v control (in)
                                         control (net)
                  0.01    0.00    2.00 v input1/A (sky130_fd_sc_hd__buf_2)
     8    0.03    0.07    0.16    2.16 v input1/X (sky130_fd_sc_hd__buf_2)
                                         net1 (net)
                  0.07    0.00    2.16 v _0991_/D (sky130_fd_sc_hd__and4bb_4)
    10    0.03    0.07    0.27    2.43 v _0991_/X (sky130_fd_sc_hd__and4bb_4)
                                         _0271_ (net)
                  0.07    0.00    2.43 v _1033_/A2 (sky130_fd_sc_hd__a211o_1)
     3    0.01    0.09    0.37    2.80 v _1033_/X (sky130_fd_sc_hd__a211o_1)
                                         _0313_ (net)
                  0.09    0.00    2.80 v _1035_/B1 (sky130_fd_sc_hd__a211o_1)
     5    0.02    0.11    0.37    3.17 v _1035_/X (sky130_fd_sc_hd__a211o_1)
                                         _0315_ (net)
                  0.11    0.00    3.17 v _1038_/C (sky130_fd_sc_hd__or4_2)
     4    0.01    0.14    0.72    3.89 v _1038_/X (sky130_fd_sc_hd__or4_2)
                                         _0318_ (net)
                  0.14    0.00    3.89 v _1039_/C (sky130_fd_sc_hd__or3_2)
     5    0.02    0.12    0.53    4.41 v _1039_/X (sky130_fd_sc_hd__or3_2)
                                         _0319_ (net)
                  0.12    0.00    4.41 v _1046_/B (sky130_fd_sc_hd__or3_1)
     1    0.00    0.06    0.37    4.78 v _1046_/X (sky130_fd_sc_hd__or3_1)
                                         _0326_ (net)
                  0.06    0.00    4.78 v _1047_/A (sky130_fd_sc_hd__dlymetal6s2s_1)
     7    0.02    0.10    0.20    4.98 v _1047_/X (sky130_fd_sc_hd__dlymetal6s2s_1)
                                         _0327_ (net)
                  0.10    0.00    4.98 v _1049_/B (sky130_fd_sc_hd__nor3_1)
     3    0.01    0.28    0.29    5.27 ^ _1049_/Y (sky130_fd_sc_hd__nor3_1)
                                         _0329_ (net)
                  0.28    0.00    5.27 ^ _1057_/A (sky130_fd_sc_hd__and3_1)
     1    0.00    0.05    0.20    5.48 ^ _1057_/X (sky130_fd_sc_hd__and3_1)
                                         _0337_ (net)
                  0.05    0.00    5.48 ^ _1058_/A (sky130_fd_sc_hd__buf_2)
     8    0.03    0.15    0.19    5.67 ^ _1058_/X (sky130_fd_sc_hd__buf_2)
                                         _0338_ (net)
                  0.15    0.00    5.67 ^ _1065_/A (sky130_fd_sc_hd__and4_1)
     1    0.00    0.06    0.20    5.87 ^ _1065_/X (sky130_fd_sc_hd__and4_1)
                                         _0345_ (net)
                  0.06    0.00    5.87 ^ _1066_/A (sky130_fd_sc_hd__clkbuf_2)
     6    0.02    0.14    0.19    6.06 ^ _1066_/X (sky130_fd_sc_hd__clkbuf_2)
                                         _0346_ (net)
                  0.14    0.00    6.06 ^ _1068_/B (sky130_fd_sc_hd__nand3b_4)
     8    0.02    0.10    0.13    6.19 v _1068_/Y (sky130_fd_sc_hd__nand3b_4)
                                         _0348_ (net)
                  0.10    0.00    6.19 v _1197_/B (sky130_fd_sc_hd__and3_1)
     3    0.01    0.06    0.22    6.40 v _1197_/X (sky130_fd_sc_hd__and3_1)
                                         _0477_ (net)
                  0.06    0.00    6.40 v _1203_/A (sky130_fd_sc_hd__or4_1)
     3    0.01    0.11    0.58    6.98 v _1203_/X (sky130_fd_sc_hd__or4_1)
                                         _0483_ (net)
                  0.11    0.00    6.98 v _1237_/A (sky130_fd_sc_hd__or4_1)
     1    0.00    0.08    0.56    7.54 v _1237_/X (sky130_fd_sc_hd__or4_1)
                                         _0517_ (net)
                  0.08    0.00    7.54 v _1248_/A2 (sky130_fd_sc_hd__o211a_1)
     4    0.01    0.08    0.28    7.81 v _1248_/X (sky130_fd_sc_hd__o211a_1)
                                         _0528_ (net)
                  0.08    0.00    7.81 v _1263_/B (sky130_fd_sc_hd__or4_1)
     2    0.01    0.10    0.56    8.38 v _1263_/X (sky130_fd_sc_hd__or4_1)
                                         _0543_ (net)
                  0.10    0.00    8.38 v _1280_/A1 (sky130_fd_sc_hd__a211o_1)
     2    0.01    0.06    0.30    8.68 v _1280_/X (sky130_fd_sc_hd__a211o_1)
                                         _0560_ (net)
                  0.06    0.00    8.68 v _1283_/A1 (sky130_fd_sc_hd__a21oi_1)
     3    0.01    0.25    0.25    8.93 ^ _1283_/Y (sky130_fd_sc_hd__a21oi_1)
                                         _0563_ (net)
                  0.25    0.00    8.93 ^ _1292_/B (sky130_fd_sc_hd__or3_1)
     1    0.00    0.04    0.16    9.09 ^ _1292_/X (sky130_fd_sc_hd__or3_1)
                                         _0572_ (net)
                  0.04    0.00    9.09 ^ _1348_/A3 (sky130_fd_sc_hd__a31o_1)
     2    0.02    0.16    0.23    9.32 ^ _1348_/X (sky130_fd_sc_hd__a31o_1)
                                         net26 (net)
                  0.16    0.00    9.32 ^ output26/A (sky130_fd_sc_hd__buf_2)
     1    0.03    0.17    0.25    9.57 ^ output26/X (sky130_fd_sc_hd__buf_2)
                                         result[31] (net)
                  0.17    0.00    9.57 ^ result[31] (out)
                                  9.57   data arrival time

                  0.15   10.00   10.00   clock clk (rise edge)
                          0.00   10.00   clock network delay (ideal)
                         -0.25    9.75   clock uncertainty
                          0.00    9.75   clock reconvergence pessimism
                         -2.00    7.75   output external delay
                                  7.75   data required time
-----------------------------------------------------------------------------
                                  7.75   data required time
                                 -9.57   data arrival time
-----------------------------------------------------------------------------
                                 -1.82   slack (VIOLATED)




===========================================================================
report_checks --slack_max -0.01
============================================================================
======================= Typical Corner ===================================

Startpoint: control (input port clocked by clk)
Endpoint: result[31] (output port clocked by clk)
Path Group: clk
Path Type: max

Fanout     Cap    Slew   Delay    Time   Description
-----------------------------------------------------------------------------
                  0.15    0.00    0.00   clock clk (rise edge)
                          0.00    0.00   clock network delay (ideal)
                          2.00    2.00 v input external delay
     1    0.00    0.01    0.00    2.00 v control (in)
                                         control (net)
                  0.01    0.00    2.00 v input1/A (sky130_fd_sc_hd__buf_2)
     8    0.03    0.07    0.16    2.16 v input1/X (sky130_fd_sc_hd__buf_2)
                                         net1 (net)
                  0.07    0.00    2.16 v _0991_/D (sky130_fd_sc_hd__and4bb_4)
    10    0.03    0.07    0.27    2.43 v _0991_/X (sky130_fd_sc_hd__and4bb_4)
                                         _0271_ (net)
                  0.07    0.00    2.43 v _1033_/A2 (sky130_fd_sc_hd__a211o_1)
     3    0.01    0.09    0.37    2.80 v _1033_/X (sky130_fd_sc_hd__a211o_1)
                                         _0313_ (net)
                  0.09    0.00    2.80 v _1035_/B1 (sky130_fd_sc_hd__a211o_1)
     5    0.02    0.11    0.37    3.17 v _1035_/X (sky130_fd_sc_hd__a211o_1)
                                         _0315_ (net)
                  0.11    0.00    3.17 v _1038_/C (sky130_fd_sc_hd__or4_2)
     4    0.01    0.14    0.72    3.89 v _1038_/X (sky130_fd_sc_hd__or4_2)
                                         _0318_ (net)
                  0.14    0.00    3.89 v _1039_/C (sky130_fd_sc_hd__or3_2)
     5    0.02    0.12    0.53    4.41 v _1039_/X (sky130_fd_sc_hd__or3_2)
                                         _0319_ (net)
                  0.12    0.00    4.41 v _1046_/B (sky130_fd_sc_hd__or3_1)
     1    0.00    0.06    0.37    4.78 v _1046_/X (sky130_fd_sc_hd__or3_1)
                                         _0326_ (net)
                  0.06    0.00    4.78 v _1047_/A (sky130_fd_sc_hd__dlymetal6s2s_1)
     7    0.02    0.10    0.20    4.98 v _1047_/X (sky130_fd_sc_hd__dlymetal6s2s_1)
                                         _0327_ (net)
                  0.10    0.00    4.98 v _1049_/B (sky130_fd_sc_hd__nor3_1)
     3    0.01    0.28    0.29    5.27 ^ _1049_/Y (sky130_fd_sc_hd__nor3_1)
                                         _0329_ (net)
                  0.28    0.00    5.27 ^ _1057_/A (sky130_fd_sc_hd__and3_1)
     1    0.00    0.05    0.20    5.48 ^ _1057_/X (sky130_fd_sc_hd__and3_1)
                                         _0337_ (net)
                  0.05    0.00    5.48 ^ _1058_/A (sky130_fd_sc_hd__buf_2)
     8    0.03    0.15    0.19    5.67 ^ _1058_/X (sky130_fd_sc_hd__buf_2)
                                         _0338_ (net)
                  0.15    0.00    5.67 ^ _1065_/A (sky130_fd_sc_hd__and4_1)
     1    0.00    0.06    0.20    5.87 ^ _1065_/X (sky130_fd_sc_hd__and4_1)
                                         _0345_ (net)
                  0.06    0.00    5.87 ^ _1066_/A (sky130_fd_sc_hd__clkbuf_2)
     6    0.02    0.14    0.19    6.06 ^ _1066_/X (sky130_fd_sc_hd__clkbuf_2)
                                         _0346_ (net)
                  0.14    0.00    6.06 ^ _1068_/B (sky130_fd_sc_hd__nand3b_4)
     8    0.02    0.10    0.13    6.19 v _1068_/Y (sky130_fd_sc_hd__nand3b_4)
                                         _0348_ (net)
                  0.10    0.00    6.19 v _1197_/B (sky130_fd_sc_hd__and3_1)
     3    0.01    0.06    0.22    6.40 v _1197_/X (sky130_fd_sc_hd__and3_1)
                                         _0477_ (net)
                  0.06    0.00    6.40 v _1203_/A (sky130_fd_sc_hd__or4_1)
     3    0.01    0.11    0.58    6.98 v _1203_/X (sky130_fd_sc_hd__or4_1)
                                         _0483_ (net)
                  0.11    0.00    6.98 v _1237_/A (sky130_fd_sc_hd__or4_1)
     1    0.00    0.08    0.56    7.54 v _1237_/X (sky130_fd_sc_hd__or4_1)
                                         _0517_ (net)
                  0.08    0.00    7.54 v _1248_/A2 (sky130_fd_sc_hd__o211a_1)
     4    0.01    0.08    0.28    7.81 v _1248_/X (sky130_fd_sc_hd__o211a_1)
                                         _0528_ (net)
                  0.08    0.00    7.81 v _1263_/B (sky130_fd_sc_hd__or4_1)
     2    0.01    0.10    0.56    8.38 v _1263_/X (sky130_fd_sc_hd__or4_1)
                                         _0543_ (net)
                  0.10    0.00    8.38 v _1280_/A1 (sky130_fd_sc_hd__a211o_1)
     2    0.01    0.06    0.30    8.68 v _1280_/X (sky130_fd_sc_hd__a211o_1)
                                         _0560_ (net)
                  0.06    0.00    8.68 v _1283_/A1 (sky130_fd_sc_hd__a21oi_1)
     3    0.01    0.25    0.25    8.93 ^ _1283_/Y (sky130_fd_sc_hd__a21oi_1)
                                         _0563_ (net)
                  0.25    0.00    8.93 ^ _1292_/B (sky130_fd_sc_hd__or3_1)
     1    0.00    0.04    0.16    9.09 ^ _1292_/X (sky130_fd_sc_hd__or3_1)
                                         _0572_ (net)
                  0.04    0.00    9.09 ^ _1348_/A3 (sky130_fd_sc_hd__a31o_1)
     2    0.02    0.16    0.23    9.32 ^ _1348_/X (sky130_fd_sc_hd__a31o_1)
                                         net26 (net)
                  0.16    0.00    9.32 ^ output26/A (sky130_fd_sc_hd__buf_2)
     1    0.03    0.17    0.25    9.57 ^ output26/X (sky130_fd_sc_hd__buf_2)
                                         result[31] (net)
                  0.17    0.00    9.57 ^ result[31] (out)
                                  9.57   data arrival time

                  0.15   10.00   10.00   clock clk (rise edge)
                          0.00   10.00   clock network delay (ideal)
                         -0.25    9.75   clock uncertainty
                          0.00    9.75   clock reconvergence pessimism
                         -2.00    7.75   output external delay
                                  7.75   data required time
-----------------------------------------------------------------------------
                                  7.75   data required time
                                 -9.57   data arrival time
-----------------------------------------------------------------------------
                                 -1.82   slack (VIOLATED)




===========================================================================
 report_check_types -max_slew -max_cap -max_fanout -violators
============================================================================
======================= Typical Corner ===================================


max slew violations count Typical: 0
max fanout violations count Typical: 0
max cap violations count Typical: 0

===========================================================================
report_parasitic_annotation -report_unannotated
============================================================================
Found 1 unannotated drivers.
 clk
Found 0 partially unannotated drivers.

===========================================================================
max slew violation count 0
max fanout violation count 0
max cap violation count 0
============================================================================

===========================================================================
check_setup -verbose -unconstrained_endpoints -multiple_clock -no_clock -no_input_delay -loops -generated_clocks
===========================================================================
