
===========================================================================
 report_power
============================================================================
======================= Fastest Corner ===================================

Group                  Internal  Switching    Leakage      Total
                          Power      Power      Power      Power (Watts)
----------------------------------------------------------------
Sequential             7.38e-04   8.26e-05   9.17e-08   8.20e-04  25.6%
Combinational          7.75e-04   1.10e-03   9.80e-09   1.87e-03  58.6%
Clock                  2.34e-04   2.72e-04   9.74e-09   5.06e-04  15.8%
Macro                  0.00e+00   0.00e+00   0.00e+00   0.00e+00   0.0%
Pad                    0.00e+00   0.00e+00   0.00e+00   0.00e+00   0.0%
----------------------------------------------------------------
Total                  1.75e-03   1.45e-03   1.11e-07   3.20e-03 100.0%
                          54.6%      45.4%       0.0%

======================= Slowest Corner ===================================

Group                  Internal  Switching    Leakage      Total
                          Power      Power      Power      Power (Watts)
----------------------------------------------------------------
Sequential             4.91e-04   5.40e-05   2.41e-06   5.47e-04  25.0%
Combinational          5.59e-04   7.27e-04   5.86e-06   1.29e-03  59.1%
Clock                  1.69e-04   1.77e-04   2.81e-07   3.46e-04  15.8%
Macro                  0.00e+00   0.00e+00   0.00e+00   0.00e+00   0.0%
Pad                    0.00e+00   0.00e+00   0.00e+00   0.00e+00   0.0%
----------------------------------------------------------------
Total                  1.22e-03   9.58e-04   8.55e-06   2.19e-03 100.0%
                          55.8%      43.8%       0.4%

======================= Typical Corner ===================================

Group                  Internal  Switching    Leakage      Total
                          Power      Power      Power      Power (Watts)
----------------------------------------------------------------
Sequential             6.36e-04   6.92e-05   9.13e-08   7.05e-04  25.6%
Combinational          6.88e-04   9.29e-04   4.81e-09   1.62e-03  58.7%
Clock                  2.06e-04   2.28e-04   9.16e-09   4.34e-04  15.8%
Macro                  0.00e+00   0.00e+00   0.00e+00   0.00e+00   0.0%
Pad                    0.00e+00   0.00e+00   0.00e+00   0.00e+00   0.0%
----------------------------------------------------------------
Total                  1.53e-03   1.23e-03   1.05e-07   2.76e-03 100.0%
                          55.5%      44.5%       0.0%

