
===========================================================================
 report_power
============================================================================
======================= Fastest Corner ===================================

Group                  Internal  Switching    Leakage      Total
                          Power      Power      Power      Power (Watts)
----------------------------------------------------------------
Sequential             7.38e-04   7.82e-05   9.17e-08   8.16e-04  26.3%
Combinational          7.74e-04   1.03e-03   9.80e-09   1.80e-03  58.0%
Clock                  2.34e-04   2.51e-04   9.74e-09   4.86e-04  15.7%
Macro                  0.00e+00   0.00e+00   0.00e+00   0.00e+00   0.0%
Pad                    0.00e+00   0.00e+00   0.00e+00   0.00e+00   0.0%
----------------------------------------------------------------
Total                  1.75e-03   1.36e-03   1.11e-07   3.10e-03 100.0%
                          56.3%      43.7%       0.0%

======================= Slowest Corner ===================================

Group                  Internal  Switching    Leakage      Total
                          Power      Power      Power      Power (Watts)
----------------------------------------------------------------
Sequential             4.91e-04   5.10e-05   2.41e-06   5.45e-04  25.7%
Combinational          5.59e-04   6.78e-04   5.86e-06   1.24e-03  58.6%
Clock                  1.69e-04   1.63e-04   2.81e-07   3.32e-04  15.7%
Macro                  0.00e+00   0.00e+00   0.00e+00   0.00e+00   0.0%
Pad                    0.00e+00   0.00e+00   0.00e+00   0.00e+00   0.0%
----------------------------------------------------------------
Total                  1.22e-03   8.92e-04   8.55e-06   2.12e-03 100.0%
                          57.5%      42.1%       0.4%

======================= Typical Corner ===================================

Group                  Internal  Switching    Leakage      Total
                          Power      Power      Power      Power (Watts)
----------------------------------------------------------------
Sequential             6.36e-04   6.55e-05   9.13e-08   7.02e-04  26.3%
Combinational          6.87e-04   8.67e-04   4.81e-09   1.55e-03  58.2%
Clock                  2.06e-04   2.11e-04   9.16e-09   4.16e-04  15.6%
Macro                  0.00e+00   0.00e+00   0.00e+00   0.00e+00   0.0%
Pad                    0.00e+00   0.00e+00   0.00e+00   0.00e+00   0.0%
----------------------------------------------------------------
Total                  1.53e-03   1.14e-03   1.05e-07   2.67e-03 100.0%
                          57.2%      42.8%       0.0%

