
===========================================================================
 report_power
============================================================================
======================= Fastest Corner ===================================

Group                  Internal  Switching    Leakage      Total
                          Power      Power      Power      Power (Watts)
----------------------------------------------------------------
Sequential             7.38e-04   8.05e-05   9.17e-08   8.18e-04  25.9%
Combinational          7.74e-04   1.07e-03   9.80e-09   1.84e-03  58.3%
Clock                  2.34e-04   2.62e-04   9.74e-09   4.96e-04  15.7%
Macro                  0.00e+00   0.00e+00   0.00e+00   0.00e+00   0.0%
Pad                    0.00e+00   0.00e+00   0.00e+00   0.00e+00   0.0%
----------------------------------------------------------------
Total                  1.75e-03   1.41e-03   1.11e-07   3.16e-03 100.0%
                          55.4%      44.6%       0.0%

======================= Slowest Corner ===================================

Group                  Internal  Switching    Leakage      Total
                          Power      Power      Power      Power (Watts)
----------------------------------------------------------------
Sequential             4.91e-04   5.26e-05   2.41e-06   5.46e-04  25.3%
Combinational          5.59e-04   7.05e-04   5.86e-06   1.27e-03  58.9%
Clock                  1.69e-04   1.70e-04   2.81e-07   3.40e-04  15.8%
Macro                  0.00e+00   0.00e+00   0.00e+00   0.00e+00   0.0%
Pad                    0.00e+00   0.00e+00   0.00e+00   0.00e+00   0.0%
----------------------------------------------------------------
Total                  1.22e-03   9.28e-04   8.55e-06   2.16e-03 100.0%
                          56.6%      43.0%       0.4%

======================= Typical Corner ===================================

Group                  Internal  Switching    Leakage      Total
                          Power      Power      Power      Power (Watts)
----------------------------------------------------------------
Sequential             6.36e-04   6.74e-05   9.13e-08   7.04e-04  25.9%
Combinational          6.87e-04   9.00e-04   4.81e-09   1.59e-03  58.4%
Clock                  2.06e-04   2.20e-04   9.16e-09   4.25e-04  15.7%
Macro                  0.00e+00   0.00e+00   0.00e+00   0.00e+00   0.0%
Pad                    0.00e+00   0.00e+00   0.00e+00   0.00e+00   0.0%
----------------------------------------------------------------
Total                  1.53e-03   1.19e-03   1.05e-07   2.72e-03 100.0%
                          56.3%      43.7%       0.0%

