
===========================================================================
report_checks -unconstrained
===========================================================================
======================= Typical Corner ===================================

Startpoint: reset (input port clocked by clk)
Endpoint: _2023_ (recovery check against rising-edge clock clk)
Path Group: asynchronous
Path Type: max

Fanout     Cap    Slew   Delay    Time   Description
-----------------------------------------------------------------------------
                          0.00    0.00   clock clk (rise edge)
                          0.00    0.00   clock network delay (propagated)
                          2.00    2.00 v input external delay
     2    0.00    0.01    0.00    2.00 v reset (in)
                                         reset (net)
                  0.01    0.00    2.00 v _1835_/A (sky130_fd_sc_hd__clkbuf_2)
     4    0.01    0.04    0.10    2.11 v _1835_/X (sky130_fd_sc_hd__clkbuf_2)
                                         _0955_ (net)
                  0.04    0.00    2.11 v _1836_/A (sky130_fd_sc_hd__buf_1)
     3    0.01    0.04    0.10    2.21 v _1836_/X (sky130_fd_sc_hd__buf_1)
                                         _0956_ (net)
                  0.04    0.00    2.21 v _1875_/A (sky130_fd_sc_hd__dlymetal6s2s_1)
     4    0.01    0.06    0.16    2.38 v _1875_/X (sky130_fd_sc_hd__dlymetal6s2s_1)
                                         _0963_ (net)
                  0.06    0.00    2.38 v _1876_/A (sky130_fd_sc_hd__clkbuf_4)
     8    0.03    0.08    0.20    2.58 v _1876_/X (sky130_fd_sc_hd__clkbuf_4)
                                         _0964_ (net)
                  0.08    0.00    2.58 v _1878_/A (sky130_fd_sc_hd__inv_2)
     1    0.00    0.03    0.06    2.64 ^ _1878_/Y (sky130_fd_sc_hd__inv_2)
                                         _0033_ (net)
                  0.03    0.00    2.64 ^ _2023_/RESET_B (sky130_fd_sc_hd__dfrtp_1)
                                  2.64   data arrival time

                         10.00   10.00   clock clk (rise edge)
                          0.00   10.00   clock source latency
     1    0.01    0.04    0.03   10.03 ^ clk (in)
                                         clk (net)
                  0.04    0.00   10.03 ^ clkbuf_0_clk/A (sky130_fd_sc_hd__clkbuf_16)
    16    0.07    0.09    0.15   10.18 ^ clkbuf_0_clk/X (sky130_fd_sc_hd__clkbuf_16)
                                         clknet_0_clk (net)
                  0.09    0.00   10.18 ^ clkbuf_4_0_0_clk/A (sky130_fd_sc_hd__clkbuf_8)
     8    0.02    0.05    0.14   10.32 ^ clkbuf_4_0_0_clk/X (sky130_fd_sc_hd__clkbuf_8)
                                         clknet_4_0_0_clk (net)
                  0.05    0.00   10.32 ^ _2023_/CLK (sky130_fd_sc_hd__dfrtp_1)
                         -0.25   10.07   clock uncertainty
                          0.00   10.07   clock reconvergence pessimism
                          0.24   10.30   library recovery time
                                 10.30   data required time
-----------------------------------------------------------------------------
                                 10.30   data required time
                                 -2.64   data arrival time
-----------------------------------------------------------------------------
                                  7.67   slack (MET)


Startpoint: control (input port clocked by clk)
Endpoint: result[29] (output port clocked by clk)
Path Group: clk
Path Type: max

Fanout     Cap    Slew   Delay    Time   Description
-----------------------------------------------------------------------------
                          0.00    0.00   clock clk (rise edge)
                          0.00    0.00   clock network delay (propagated)
                          2.00    2.00 v input external delay
     1    0.01    0.02    0.01    2.01 v control (in)
                                         control (net)
                  0.02    0.00    2.01 v input1/A (sky130_fd_sc_hd__buf_8)
     9    0.02    0.03    0.11    2.13 v input1/X (sky130_fd_sc_hd__buf_8)
                                         net1 (net)
                  0.03    0.00    2.13 v _0991_/C (sky130_fd_sc_hd__and4bb_4)
     5    0.02    0.05    0.22    2.34 v _0991_/X (sky130_fd_sc_hd__and4bb_4)
                                         _0271_ (net)
                  0.05    0.00    2.34 v _1033_/A2 (sky130_fd_sc_hd__a211o_4)
     3    0.01    0.07    0.37    2.71 v _1033_/X (sky130_fd_sc_hd__a211o_4)
                                         _0313_ (net)
                  0.07    0.00    2.71 v _1035_/B1 (sky130_fd_sc_hd__a211o_4)
     5    0.01    0.06    0.34    3.05 v _1035_/X (sky130_fd_sc_hd__a211o_4)
                                         _0315_ (net)
                  0.06    0.00    3.05 v _1038_/D (sky130_fd_sc_hd__or4_4)
     4    0.01    0.10    0.46    3.51 v _1038_/X (sky130_fd_sc_hd__or4_4)
                                         _0318_ (net)
                  0.10    0.00    3.51 v _1039_/C (sky130_fd_sc_hd__or3_4)
     5    0.01    0.08    0.38    3.89 v _1039_/X (sky130_fd_sc_hd__or3_4)
                                         _0319_ (net)
                  0.08    0.00    3.89 v _1046_/C (sky130_fd_sc_hd__or3_4)
     1    0.00    0.07    0.35    4.24 v _1046_/X (sky130_fd_sc_hd__or3_4)
                                         _0326_ (net)
                  0.07    0.00    4.24 v _1047_/A (sky130_fd_sc_hd__buf_6)
     6    0.02    0.03    0.14    4.38 v _1047_/X (sky130_fd_sc_hd__buf_6)
                                         _0327_ (net)
                  0.03    0.00    4.38 v _1049_/C (sky130_fd_sc_hd__nor3_4)
     3    0.00    0.13    0.11    4.49 ^ _1049_/Y (sky130_fd_sc_hd__nor3_4)
                                         _0329_ (net)
                  0.13    0.00    4.49 ^ _1057_/A (sky130_fd_sc_hd__and3_1)
     1    0.00    0.07    0.19    4.68 ^ _1057_/X (sky130_fd_sc_hd__and3_1)
                                         _0337_ (net)
                  0.07    0.00    4.68 ^ _1058_/A (sky130_fd_sc_hd__buf_6)
     4    0.01    0.03    0.10    4.78 ^ _1058_/X (sky130_fd_sc_hd__buf_6)
                                         _0338_ (net)
                  0.03    0.00    4.78 ^ _1065_/A (sky130_fd_sc_hd__and4_1)
     1    0.00    0.08    0.18    4.96 ^ _1065_/X (sky130_fd_sc_hd__and4_1)
                                         _0345_ (net)
                  0.08    0.00    4.96 ^ _1066_/A (sky130_fd_sc_hd__buf_6)
     6    0.02    0.06    0.13    5.08 ^ _1066_/X (sky130_fd_sc_hd__buf_6)
                                         _0346_ (net)
                  0.06    0.00    5.08 ^ _1200_/A (sky130_fd_sc_hd__xnor2_1)
     2    0.01    0.19    0.15    5.23 ^ _1200_/Y (sky130_fd_sc_hd__xnor2_1)
                                         _0480_ (net)
                  0.19    0.00    5.23 ^ _1202_/A2 (sky130_fd_sc_hd__a21oi_2)
     3    0.01    0.06    0.10    5.32 v _1202_/Y (sky130_fd_sc_hd__a21oi_2)
                                         _0482_ (net)
                  0.06    0.00    5.32 v _1203_/A (sky130_fd_sc_hd__or4_4)
     3    0.01    0.09    0.56    5.89 v _1203_/X (sky130_fd_sc_hd__or4_4)
                                         _0483_ (net)
                  0.09    0.00    5.89 v _1237_/D (sky130_fd_sc_hd__or4_4)
     1    0.00    0.08    0.44    6.33 v _1237_/X (sky130_fd_sc_hd__or4_4)
                                         _0517_ (net)
                  0.08    0.00    6.33 v _1248_/A1 (sky130_fd_sc_hd__o211a_4)
     4    0.01    0.04    0.28    6.61 v _1248_/X (sky130_fd_sc_hd__o211a_4)
                                         _0528_ (net)
                  0.04    0.00    6.61 v _1263_/D (sky130_fd_sc_hd__or4_4)
     2    0.00    0.08    0.43    7.04 v _1263_/X (sky130_fd_sc_hd__or4_4)
                                         _0543_ (net)
                  0.08    0.00    7.04 v _1388_/A (sky130_fd_sc_hd__and2_4)
     2    0.00    0.03    0.16    7.20 v _1388_/X (sky130_fd_sc_hd__and2_4)
                                         _0666_ (net)
                  0.03    0.00    7.20 v _1389_/A (sky130_fd_sc_hd__or2_4)
     3    0.01    0.05    0.25    7.45 v _1389_/X (sky130_fd_sc_hd__or2_4)
                                         _0667_ (net)
                  0.05    0.00    7.45 v _1391_/A2 (sky130_fd_sc_hd__a21o_1)
     1    0.00    0.04    0.19    7.64 v _1391_/X (sky130_fd_sc_hd__a21o_1)
                                         _0669_ (net)
                  0.04    0.00    7.64 v _1410_/A1 (sky130_fd_sc_hd__a31o_4)
     2    0.01    0.04    0.22    7.86 v _1410_/X (sky130_fd_sc_hd__a31o_4)
                                         net23 (net)
                  0.04    0.00    7.86 v output23/A (sky130_fd_sc_hd__buf_6)
     1    0.03    0.04    0.14    8.00 v output23/X (sky130_fd_sc_hd__buf_6)
                                         result[29] (net)
                  0.04    0.00    8.00 v result[29] (out)
                                  8.00   data arrival time

                         10.00   10.00   clock clk (rise edge)
                          0.00   10.00   clock network delay (propagated)
                         -0.25    9.75   clock uncertainty
                          0.00    9.75   clock reconvergence pessimism
                         -2.00    7.75   output external delay
                                  7.75   data required time
-----------------------------------------------------------------------------
                                  7.75   data required time
                                 -8.00   data arrival time
-----------------------------------------------------------------------------
                                 -0.25   slack (VIOLATED)




===========================================================================
report_checks --slack_max -0.01
============================================================================
======================= Typical Corner ===================================

Startpoint: control (input port clocked by clk)
Endpoint: result[29] (output port clocked by clk)
Path Group: clk
Path Type: max

Fanout     Cap    Slew   Delay    Time   Description
-----------------------------------------------------------------------------
                          0.00    0.00   clock clk (rise edge)
                          0.00    0.00   clock network delay (propagated)
                          2.00    2.00 v input external delay
     1    0.01    0.02    0.01    2.01 v control (in)
                                         control (net)
                  0.02    0.00    2.01 v input1/A (sky130_fd_sc_hd__buf_8)
     9    0.02    0.03    0.11    2.13 v input1/X (sky130_fd_sc_hd__buf_8)
                                         net1 (net)
                  0.03    0.00    2.13 v _0991_/C (sky130_fd_sc_hd__and4bb_4)
     5    0.02    0.05    0.22    2.34 v _0991_/X (sky130_fd_sc_hd__and4bb_4)
                                         _0271_ (net)
                  0.05    0.00    2.34 v _1033_/A2 (sky130_fd_sc_hd__a211o_4)
     3    0.01    0.07    0.37    2.71 v _1033_/X (sky130_fd_sc_hd__a211o_4)
                                         _0313_ (net)
                  0.07    0.00    2.71 v _1035_/B1 (sky130_fd_sc_hd__a211o_4)
     5    0.01    0.06    0.34    3.05 v _1035_/X (sky130_fd_sc_hd__a211o_4)
                                         _0315_ (net)
                  0.06    0.00    3.05 v _1038_/D (sky130_fd_sc_hd__or4_4)
     4    0.01    0.10    0.46    3.51 v _1038_/X (sky130_fd_sc_hd__or4_4)
                                         _0318_ (net)
                  0.10    0.00    3.51 v _1039_/C (sky130_fd_sc_hd__or3_4)
     5    0.01    0.08    0.38    3.89 v _1039_/X (sky130_fd_sc_hd__or3_4)
                                         _0319_ (net)
                  0.08    0.00    3.89 v _1046_/C (sky130_fd_sc_hd__or3_4)
     1    0.00    0.07    0.35    4.24 v _1046_/X (sky130_fd_sc_hd__or3_4)
                                         _0326_ (net)
                  0.07    0.00    4.24 v _1047_/A (sky130_fd_sc_hd__buf_6)
     6    0.02    0.03    0.14    4.38 v _1047_/X (sky130_fd_sc_hd__buf_6)
                                         _0327_ (net)
                  0.03    0.00    4.38 v _1049_/C (sky130_fd_sc_hd__nor3_4)
     3    0.00    0.13    0.11    4.49 ^ _1049_/Y (sky130_fd_sc_hd__nor3_4)
                                         _0329_ (net)
                  0.13    0.00    4.49 ^ _1057_/A (sky130_fd_sc_hd__and3_1)
     1    0.00    0.07    0.19    4.68 ^ _1057_/X (sky130_fd_sc_hd__and3_1)
                                         _0337_ (net)
                  0.07    0.00    4.68 ^ _1058_/A (sky130_fd_sc_hd__buf_6)
     4    0.01    0.03    0.10    4.78 ^ _1058_/X (sky130_fd_sc_hd__buf_6)
                                         _0338_ (net)
                  0.03    0.00    4.78 ^ _1065_/A (sky130_fd_sc_hd__and4_1)
     1    0.00    0.08    0.18    4.96 ^ _1065_/X (sky130_fd_sc_hd__and4_1)
                                         _0345_ (net)
                  0.08    0.00    4.96 ^ _1066_/A (sky130_fd_sc_hd__buf_6)
     6    0.02    0.06    0.13    5.08 ^ _1066_/X (sky130_fd_sc_hd__buf_6)
                                         _0346_ (net)
                  0.06    0.00    5.08 ^ _1200_/A (sky130_fd_sc_hd__xnor2_1)
     2    0.01    0.19    0.15    5.23 ^ _1200_/Y (sky130_fd_sc_hd__xnor2_1)
                                         _0480_ (net)
                  0.19    0.00    5.23 ^ _1202_/A2 (sky130_fd_sc_hd__a21oi_2)
     3    0.01    0.06    0.10    5.32 v _1202_/Y (sky130_fd_sc_hd__a21oi_2)
                                         _0482_ (net)
                  0.06    0.00    5.32 v _1203_/A (sky130_fd_sc_hd__or4_4)
     3    0.01    0.09    0.56    5.89 v _1203_/X (sky130_fd_sc_hd__or4_4)
                                         _0483_ (net)
                  0.09    0.00    5.89 v _1237_/D (sky130_fd_sc_hd__or4_4)
     1    0.00    0.08    0.44    6.33 v _1237_/X (sky130_fd_sc_hd__or4_4)
                                         _0517_ (net)
                  0.08    0.00    6.33 v _1248_/A1 (sky130_fd_sc_hd__o211a_4)
     4    0.01    0.04    0.28    6.61 v _1248_/X (sky130_fd_sc_hd__o211a_4)
                                         _0528_ (net)
                  0.04    0.00    6.61 v _1263_/D (sky130_fd_sc_hd__or4_4)
     2    0.00    0.08    0.43    7.04 v _1263_/X (sky130_fd_sc_hd__or4_4)
                                         _0543_ (net)
                  0.08    0.00    7.04 v _1388_/A (sky130_fd_sc_hd__and2_4)
     2    0.00    0.03    0.16    7.20 v _1388_/X (sky130_fd_sc_hd__and2_4)
                                         _0666_ (net)
                  0.03    0.00    7.20 v _1389_/A (sky130_fd_sc_hd__or2_4)
     3    0.01    0.05    0.25    7.45 v _1389_/X (sky130_fd_sc_hd__or2_4)
                                         _0667_ (net)
                  0.05    0.00    7.45 v _1391_/A2 (sky130_fd_sc_hd__a21o_1)
     1    0.00    0.04    0.19    7.64 v _1391_/X (sky130_fd_sc_hd__a21o_1)
                                         _0669_ (net)
                  0.04    0.00    7.64 v _1410_/A1 (sky130_fd_sc_hd__a31o_4)
     2    0.01    0.04    0.22    7.86 v _1410_/X (sky130_fd_sc_hd__a31o_4)
                                         net23 (net)
                  0.04    0.00    7.86 v output23/A (sky130_fd_sc_hd__buf_6)
     1    0.03    0.04    0.14    8.00 v output23/X (sky130_fd_sc_hd__buf_6)
                                         result[29] (net)
                  0.04    0.00    8.00 v result[29] (out)
                                  8.00   data arrival time

                         10.00   10.00   clock clk (rise edge)
                          0.00   10.00   clock network delay (propagated)
                         -0.25    9.75   clock uncertainty
                          0.00    9.75   clock reconvergence pessimism
                         -2.00    7.75   output external delay
                                  7.75   data required time
-----------------------------------------------------------------------------
                                  7.75   data required time
                                 -8.00   data arrival time
-----------------------------------------------------------------------------
                                 -0.25   slack (VIOLATED)




===========================================================================
 report_check_types -max_slew -max_cap -max_fanout -violators
============================================================================
======================= Typical Corner ===================================

max fanout

Pin                                   Limit Fanout  Slack
---------------------------------------------------------
clkbuf_0_clk/X                           10     16     -6 (VIOLATED)


max slew violations count Typical: 0
max fanout violations count Typical: 1
max cap violations count Typical: 0

===========================================================================
report_parasitic_annotation -report_unannotated
============================================================================
Found 1324 unannotated drivers.
 clk
 control
 reset
 _0979_/X
 _0980_/X
 _0981_/Y
 _0982_/X
 _0983_/X
 _0984_/Y
 _0985_/X
 _0986_/Y
 _0987_/Y
 _0988_/Y
 _0989_/Y
 _0990_/Y
 _0991_/X
 _0992_/X
 _0993_/X
 _0994_/X
 _0995_/X
 _0996_/X
 _0997_/X
 _0998_/X
 _0999_/X
 _1000_/X
 _1001_/Y
 _1002_/X
 _1003_/X
 _1004_/X
 _1005_/X
 _1006_/Y
 _1007_/Y
 _1008_/X
 _1009_/X
 _1010_/X
 _1011_/X
 _1012_/X
 _1013_/X
 _1014_/X
 _1015_/X
 _1016_/X
 _1017_/X
 _1018_/X
 _1019_/X
 _1020_/X
 _1021_/X
 _1022_/X
 _1023_/X
 _1024_/X
 _1025_/X
 _1026_/X
 _1027_/X
 _1028_/X
 _1029_/X
 _1030_/X
 _1031_/X
 _1032_/Y
 _1033_/X
 _1034_/X
 _1035_/X
 _1036_/X
 _1037_/X
 _1038_/X
 _1039_/X
 _1040_/X
 _1041_/X
 _1042_/X
 _1043_/X
 _1044_/X
 _1045_/X
 _1046_/X
 _1047_/X
 _1048_/X
 _1049_/Y
 _1050_/X
 _1051_/X
 _1052_/X
 _1053_/Y
 _1054_/X
 _1055_/X
 _1056_/Y
 _1057_/X
 _1058_/X
 _1059_/X
 _1060_/X
 _1061_/Y
 _1062_/Y
 _1063_/X
 _1064_/Y
 _1065_/X
 _1066_/X
 _1067_/Y
 _1068_/Y
 _1069_/X
 _1070_/X
 _1071_/Y
 _1072_/Y
 _1073_/X
 _1074_/X
 _1075_/X
 _1076_/X
 _1077_/Y
 _1078_/X
 _1079_/X
 _1080_/X
 _1081_/X
 _1082_/X
 _1083_/Y
 _1084_/Y
 _1085_/Y
 _1086_/Y
 _1087_/X
 _1088_/Y
 _1089_/Y
 _1090_/Y
 _1091_/X
 _1092_/X
 _1093_/Y
 _1094_/Y
 _1095_/X
 _1096_/Y
 _1097_/Y
 _1098_/X
 _1099_/X
 _1100_/X
 _1101_/Y
 _1102_/Y
 _1103_/Y
 _1104_/X
 _1105_/Y
 _1106_/Y
 _1107_/Y
 _1108_/X
 _1109_/X
 _1110_/Y
 _1111_/X
 _1112_/X
 _1113_/X
 _1114_/Y
 _1115_/Y
 _1116_/X
 _1117_/Y
 _1118_/X
 _1119_/X
 _1120_/Y
 _1121_/Y
 _1122_/X
 _1123_/X
 _1124_/X
 _1125_/Y
 _1126_/X
 _1127_/Y
 _1128_/X
 _1129_/X
 _1130_/Y
 _1131_/X
 _1132_/X
 _1133_/X
 _1134_/Y
 _1135_/X
 _1136_/X
 _1137_/X
 _1138_/Y
 _1139_/Y
 _1140_/X
 _1141_/X
 _1142_/Y
 _1143_/Y
 _1144_/X
 _1145_/Y
 _1146_/X
 _1147_/Y
 _1148_/X
 _1149_/X
 _1150_/Y
 _1151_/X
 _1152_/Y
 _1153_/Y
 _1154_/X
 _1155_/X
 _1156_/X
 _1157_/Y
 _1158_/X
 _1159_/Y
 _1160_/Y
 _1161_/X
 _1162_/Y
 _1163_/X
 _1164_/X
 _1165_/X
 _1166_/X
 _1167_/X
 _1168_/X
 _1169_/X
 _1170_/Y
 _1171_/X
 _1172_/Y
 _1173_/X
 _1174_/Y
 _1175_/Y
 _1176_/X
 _1177_/Y
 _1178_/X
 _1179_/Y
 _1180_/Y
 _1181_/X
 _1182_/Y
 _1183_/Y
 _1184_/X
 _1185_/Y
 _1186_/Y
 _1187_/X
 _1188_/X
 _1189_/Y
 _1190_/Y
 _1191_/X
 _1192_/X
 _1193_/Y
 _1194_/X
 _1195_/Y
 _1196_/X
 _1197_/X
 _1198_/Y
 _1199_/X
 _1200_/Y
 _1201_/X
 _1202_/Y
 _1203_/X
 _1204_/X
 _1205_/X
 _1206_/Y
 _1207_/X
 _1208_/Y
 _1209_/X
 _1210_/Y
 _1211_/Y
 _1212_/X
 _1213_/Y
 _1214_/X
 _1215_/Y
 _1216_/Y
 _1217_/X
 _1218_/Y
 _1219_/Y
 _1220_/X
 _1221_/X
 _1222_/Y
 _1223_/X
 _1224_/Y
 _1225_/X
 _1226_/Y
 _1227_/X
 _1228_/Y
 _1229_/Y
 _1230_/Y
 _1231_/X
 _1232_/X
 _1233_/Y
 _1234_/X
 _1235_/Y
 _1236_/X
 _1237_/X
 _1238_/X
 _1239_/X
 _1240_/X
 _1241_/Y
 _1242_/Y
 _1243_/X
 _1244_/Y
 _1245_/Y
 _1246_/X
 _1247_/X
 _1248_/X
 _1249_/X
 _1250_/Y
 _1251_/Y
 _1252_/Y
 _1253_/X
 _1254_/X
 _1255_/X
 _1256_/X
 _1257_/Y
 _1258_/X
 _1259_/Y
 _1260_/Y
 _1261_/X
 _1262_/Y
 _1263_/X
 _1264_/X
 _1265_/Y
 _1266_/Y
 _1267_/X
 _1268_/X
 _1269_/X
 _1270_/X
 _1271_/Y
 _1272_/X
 _1273_/Y
 _1274_/Y
 _1275_/X
 _1276_/X
 _1277_/Y
 _1278_/Y
 _1279_/Y
 _1280_/X
 _1281_/Y
 _1282_/Y
 _1283_/Y
 _1284_/X
 _1285_/X
 _1286_/Y
 _1287_/Y
 _1288_/Y
 _1289_/X
 _1290_/X
 _1291_/X
 _1292_/X
 _1293_/X
 _1294_/X
 _1295_/X
 _1296_/X
 _1297_/X
 _1298_/X
 _1299_/X
 _1300_/X
 _1301_/Y
 _1302_/X
 _1303_/X
 _1304_/X
 _1305_/X
 _1306_/Y
 _1307_/X
 _1308_/X
 _1309_/X
 _1310_/X
 _1311_/X
 _1312_/Y
 _1313_/X
 _1314_/X
 _1315_/X
 _1316_/X
 _1317_/X
 _1318_/X
 _1319_/X
 _1320_/X
 _1321_/X
 _1322_/X
 _1323_/Y
 _1324_/X
 _1325_/X
 _1326_/X
 _1327_/X
 _1328_/X
 _1329_/X
 _1330_/X
 _1331_/X
 _1332_/X
 _1333_/X
 _1334_/X
 _1335_/X
 _1336_/X
 _1337_/X
 _1338_/X
 _1339_/X
 _1340_/X
 _1341_/X
 _1342_/X
 _1343_/X
 _1344_/X
 _1345_/X
 _1346_/X
 _1347_/X
 _1348_/X
 _1349_/Y
 _1350_/X
 _1351_/X
 _1352_/X
 _1353_/X
 _1354_/X
 _1355_/X
 _1356_/X
 _1357_/X
 _1358_/X
 _1359_/X
 _1360_/X
 _1361_/X
 _1362_/X
 _1363_/Y
 _1364_/Y
 _1365_/Y
 _1366_/X
 _1367_/Y
 _1368_/X
 _1369_/X
 _1370_/X
 _1371_/X
 _1372_/X
 _1373_/X
 _1374_/X
 _1375_/X
 _1376_/X
 _1377_/X
 _1378_/X
 _1379_/X
 _1380_/X
 _1381_/X
 _1382_/X
 _1383_/X
 _1384_/X
 _1385_/X
 _1386_/Y
 _1387_/Y
 _1388_/X
 _1389_/X
 _1390_/Y
 _1391_/X
 _1392_/X
 _1393_/X
 _1394_/X
 _1395_/X
 _1396_/X
 _1397_/Y
 _1398_/Y
 _1399_/Y
 _1400_/X
 _1401_/X
 _1402_/Y
 _1403_/Y
 _1404_/X
 _1405_/X
 _1406_/X
 _1407_/X
 _1408_/X
 _1409_/X
 _1410_/X
 _1411_/Y
 _1412_/X
 _1413_/X
 _1414_/Y
 _1415_/X
 _1416_/Y
 _1417_/X
 _1418_/X
 _1419_/X
 _1420_/X
 _1421_/X
 _1422_/X
 _1423_/X
 _1424_/X
 _1425_/X
 _1426_/Y
 _1427_/Y
 _1428_/X
 _1429_/Y
 _1430_/X
 _1431_/X
 _1432_/X
 _1433_/X
 _1434_/Y
 _1435_/X
 _1436_/X
 _1437_/Y
 _1438_/Y
 _1439_/Y
 _1440_/X
 _1441_/Y
 _1442_/X
 _1443_/X
 _1444_/X
 _1445_/X
 _1446_/X
 _1447_/X
 _1448_/X
 _1449_/Y
 _1450_/X
 _1451_/X
 _1452_/Y
 _1453_/X
 _1454_/X
 _1455_/X
 _1456_/X
 _1457_/X
 _1458_/X
 _1459_/Y
 _1460_/X
 _1461_/Y
 _1462_/X
 _1463_/X
 _1464_/Y
 _1465_/X
 _1466_/Y
 _1467_/X
 _1468_/X
 _1469_/X
 _1470_/X
 _1471_/Y
 _1472_/X
 _1473_/X
 _1474_/Y
 _1475_/X
 _1476_/X
 _1477_/Y
 _1478_/X
 _1479_/X
 _1480_/X
 _1481_/X
 _1482_/Y
 _1483_/X
 _1484_/Y
 _1485_/Y
 _1486_/X
 _1487_/Y
 _1488_/Y
 _1489_/X
 _1490_/Y
 _1491_/Y
 _1492_/X
 _1493_/X
 _1494_/X
 _1495_/Y
 _1496_/Y
 _1497_/X
 _1498_/X
 _1499_/X
 _1500_/Y
 _1501_/X
 _1502_/X
 _1503_/X
 _1504_/X
 _1505_/X
 _1506_/Y
 _1507_/X
 _1508_/X
 _1509_/X
 _1510_/Y
 _1511_/X
 _1512_/X
 _1513_/Y
 _1514_/Y
 _1515_/X
 _1516_/X
 _1517_/X
 _1518_/Y
 _1519_/Y
 _1520_/X
 _1521_/X
 _1522_/X
 _1523_/Y
 _1524_/X
 _1525_/X
 _1526_/Y
 _1527_/X
 _1528_/X
 _1529_/X
 _1530_/X
 _1531_/Y
 _1532_/X
 _1533_/X
 _1534_/X
 _1535_/X
 _1536_/Y
 _1537_/X
 _1538_/Y
 _1539_/X
 _1540_/X
 _1541_/Y
 _1542_/X
 _1543_/Y
 _1544_/X
 _1545_/X
 _1546_/X
 _1547_/Y
 _1548_/X
 _1549_/Y
 _1550_/Y
 _1551_/X
 _1552_/Y
 _1553_/Y
 _1554_/X
 _1555_/Y
 _1556_/X
 _1557_/Y
 _1558_/Y
 _1559_/X
 _1560_/X
 _1561_/Y
 _1562_/Y
 _1563_/X
 _1564_/X
 _1565_/X
 _1566_/X
 _1567_/X
 _1568_/X
 _1569_/X
 _1570_/X
 _1571_/X
 _1572_/Y
 _1573_/X
 _1574_/Y
 _1575_/Y
 _1576_/X
 _1577_/Y
 _1578_/Y
 _1579_/X
 _1580_/X
 _1581_/X
 _1582_/Y
 _1583_/X
 _1584_/Y
 _1585_/Y
 _1586_/X
 _1587_/X
 _1588_/Y
 _1589_/X
 _1590_/Y
 _1591_/X
 _1592_/X
 _1593_/X
 _1594_/Y
 _1595_/X
 _1596_/X
 _1597_/Y
 _1598_/X
 _1599_/X
 _1600_/Y
 _1601_/X
 _1602_/X
 _1603_/X
 _1604_/X
 _1605_/X
 _1606_/X
 _1607_/X
 _1608_/X
 _1609_/X
 _1610_/X
 _1611_/X
 _1612_/X
 _1613_/X
 _1614_/X
 _1615_/X
 _1616_/X
 _1617_/X
 _1618_/X
 _1619_/X
 _1620_/X
 _1621_/X
 _1622_/X
 _1623_/X
 _1624_/X
 _1625_/X
 _1626_/X
 _1627_/X
 _1628_/X
 _1629_/X
 _1630_/X
 _1631_/X
 _1632_/X
 _1633_/X
 _1634_/X
 _1635_/X
 _1636_/X
 _1637_/X
 _1638_/X
 _1639_/X
 _1640_/X
 _1641_/X
 _1642_/X
 _1643_/X
 _1644_/X
 _1645_/X
 _1646_/X
 _1647_/X
 _1648_/X
 _1649_/X
 _1650_/X
 _1651_/X
 _1652_/X
 _1653_/X
 _1654_/X
 _1655_/X
 _1656_/X
 _1657_/X
 _1658_/X
 _1659_/X
 _1660_/X
 _1661_/X
 _1662_/X
 _1663_/X
 _1664_/X
 _1665_/X
 _1666_/X
 _1667_/Y
 _1668_/X
 _1669_/X
 _1670_/X
 _1671_/X
 _1672_/X
 _1673_/X
 _1674_/X
 _1675_/X
 _1676_/X
 _1677_/X
 _1678_/X
 _1679_/X
 _1680_/X
 _1681_/X
 _1682_/X
 _1683_/X
 _1684_/X
 _1685_/X
 _1686_/X
 _1687_/X
 _1688_/X
 _1689_/X
 _1690_/X
 _1691_/X
 _1692_/X
 _1693_/X
 _1694_/X
 _1695_/X
 _1696_/X
 _1697_/X
 _1698_/X
 _1699_/X
 _1700_/X
 _1701_/X
 _1702_/X
 _1703_/X
 _1704_/X
 _1705_/X
 _1706_/X
 _1707_/X
 _1708_/X
 _1709_/X
 _1710_/X
 _1711_/X
 _1712_/X
 _1713_/X
 _1714_/X
 _1715_/X
 _1716_/X
 _1717_/X
 _1718_/X
 _1719_/X
 _1720_/X
 _1721_/X
 _1722_/X
 _1723_/X
 _1724_/X
 _1725_/X
 _1726_/X
 _1727_/X
 _1728_/X
 _1729_/X
 _1730_/X
 _1731_/X
 _1732_/X
 _1733_/X
 _1734_/X
 _1735_/X
 _1736_/X
 _1737_/X
 _1738_/X
 _1739_/X
 _1740_/X
 _1741_/X
 _1742_/X
 _1743_/X
 _1744_/X
 _1745_/X
 _1746_/X
 _1747_/X
 _1748_/X
 _1749_/X
 _1750_/X
 _1751_/X
 _1752_/X
 _1753_/X
 _1754_/X
 _1755_/X
 _1756_/X
 _1757_/X
 _1758_/X
 _1759_/X
 _1760_/X
 _1761_/X
 _1762_/X
 _1763_/X
 _1764_/X
 _1765_/X
 _1766_/X
 _1767_/X
 _1768_/X
 _1769_/X
 _1770_/X
 _1771_/X
 _1772_/X
 _1773_/X
 _1774_/X
 _1775_/X
 _1776_/X
 _1777_/X
 _1778_/X
 _1779_/X
 _1780_/X
 _1781_/X
 _1782_/X
 _1783_/X
 _1784_/X
 _1785_/X
 _1786_/X
 _1787_/X
 _1788_/X
 _1789_/X
 _1790_/X
 _1791_/X
 _1792_/X
 _1793_/X
 _1794_/X
 _1795_/X
 _1796_/X
 _1797_/X
 _1798_/X
 _1799_/X
 _1800_/X
 _1801_/X
 _1802_/X
 _1803_/X
 _1804_/X
 _1805_/X
 _1806_/X
 _1807_/X
 _1808_/X
 _1809_/X
 _1810_/X
 _1811_/X
 _1812_/X
 _1813_/X
 _1814_/X
 _1815_/X
 _1816_/X
 _1817_/X
 _1818_/X
 _1819_/X
 _1820_/X
 _1821_/X
 _1822_/X
 _1823_/X
 _1824_/X
 _1825_/X
 _1826_/X
 _1827_/X
 _1828_/X
 _1829_/X
 _1830_/X
 _1831_/X
 _1832_/X
 _1833_/X
 _1834_/X
 _1835_/X
 _1836_/X
 _1837_/X
 _1838_/X
 _1839_/Y
 _1840_/Y
 _1841_/Y
 _1842_/Y
 _1843_/Y
 _1844_/Y
 _1845_/Y
 _1846_/Y
 _1847_/X
 _1848_/Y
 _1849_/Y
 _1850_/Y
 _1851_/Y
 _1852_/Y
 _1853_/Y
 _1854_/Y
 _1855_/Y
 _1856_/Y
 _1857_/Y
 _1858_/X
 _1859_/X
 _1860_/Y
 _1861_/Y
 _1862_/Y
 _1863_/Y
 _1864_/Y
 _1865_/Y
 _1866_/Y
 _1867_/Y
 _1868_/Y
 _1869_/Y
 _1870_/X
 _1871_/Y
 _1872_/Y
 _1873_/Y
 _1874_/Y
 _1875_/X
 _1876_/X
 _1877_/Y
 _1878_/Y
 _1879_/Y
 _1880_/Y
 _1881_/Y
 _1882_/Y
 _1883_/Y
 _1884_/Y
 _1885_/X
 _1886_/Y
 _1887_/Y
 _1888_/Y
 _1889_/Y
 _1890_/Y
 _1891_/Y
 _1892_/Y
 _1893_/Y
 _1894_/Y
 _1895_/Y
 _1896_/X
 _1897_/Y
 _1898_/Y
 _1899_/Y
 _1900_/Y
 _1901_/Y
 _1902_/Y
 _1903_/Y
 _1904_/Y
 _1905_/Y
 _1906_/Y
 _1907_/X
 _1908_/Y
 _1909_/Y
 _1910_/Y
 _1911_/Y
 _1912_/X
 _1913_/X
 _1914_/Y
 _1915_/Y
 _1916_/Y
 _1917_/Y
 _1918_/Y
 _1919_/Y
 _1920_/Y
 _1921_/Y
 _1922_/X
 _1923_/Y
 _1924_/Y
 _1925_/Y
 _1926_/Y
 _1927_/Y
 _1928_/Y
 _1929_/Y
 _1930_/Y
 _1931_/Y
 _1932_/Y
 _1933_/X
 _1934_/Y
 _1935_/Y
 _1936_/Y
 _1937_/Y
 _1938_/Y
 _1939_/Y
 _1940_/Y
 _1941_/Y
 _1942_/Y
 _1943_/Y
 _1944_/X
 _1945_/Y
 _1946_/Y
 _1947_/Y
 _1948_/Y
 _1949_/X
 _1950_/X
 _1951_/Y
 _1952_/Y
 _1953_/Y
 _1954_/Y
 _1955_/Y
 _1956_/Y
 _1957_/Y
 _1958_/Y
 _1959_/X
 _1960_/Y
 _1961_/Y
 _1962_/Y
 _1963_/Y
 _1964_/Y
 _1965_/Y
 _1966_/Y
 _1967_/Y
 _1968_/Y
 _1969_/Y
 _1970_/X
 _1971_/X
 _1972_/Y
 _1973_/Y
 _1974_/Y
 _1975_/Y
 _1976_/Y
 _1977_/Y
 _1978_/Y
 _1979_/Y
 _1980_/Y
 _1981_/Y
 _1982_/X
 _1983_/Y
 _1984_/Y
 _1985_/Y
 _1986_/Y
 _1987_/Y
 _1988_/Y
 _1989_/Y
 _1990_/Q
 _1991_/Q
 _1992_/Q
 _1993_/Q
 _1994_/Q
 _1995_/Q
 _1996_/Q
 _1997_/Q
 _1998_/Q
 _1999_/Q
 _2000_/Q
 _2001_/Q
 _2002_/Q
 _2003_/Q
 _2004_/Q
 _2005_/Q
 _2006_/Q
 _2007_/Q
 _2008_/Q
 _2009_/Q
 _2010_/Q
 _2011_/Q
 _2012_/Q
 _2013_/Q
 _2014_/Q
 _2015_/Q
 _2016_/Q
 _2017_/Q
 _2018_/Q
 _2019_/Q
 _2020_/Q
 _2021_/Q
 _2022_/Q
 _2023_/Q
 _2024_/Q
 _2025_/Q
 _2026_/Q
 _2027_/Q
 _2028_/Q
 _2029_/Q
 _2030_/Q
 _2031_/Q
 _2032_/Q
 _2033_/Q
 _2034_/Q
 _2035_/Q
 _2036_/Q
 _2037_/Q
 _2038_/Q
 _2039_/Q
 _2040_/Q
 _2041_/Q
 _2042_/Q
 _2043_/Q
 _2044_/Q
 _2045_/Q
 _2046_/Q
 _2047_/Q
 _2048_/Q
 _2049_/Q
 _2050_/Q
 _2051_/Q
 _2052_/Q
 _2053_/Q
 _2054_/Q
 _2055_/Q
 _2056_/Q
 _2057_/Q
 _2058_/Q
 _2059_/Q
 _2060_/Q
 _2061_/Q
 _2062_/Q
 _2063_/Q
 _2064_/Q
 _2065_/Q
 _2066_/Q
 _2067_/Q
 _2068_/Q
 _2069_/Q
 _2070_/Q
 _2071_/Q
 _2072_/Q
 _2073_/Q
 _2074_/Q
 _2075_/Q
 _2076_/Q
 _2077_/Q
 _2078_/Q
 _2079_/Q
 _2080_/Q
 _2081_/Q
 _2082_/Q
 _2083_/Q
 _2084_/Q
 _2085_/Q
 _2086_/Q
 _2087_/Q
 _2088_/Q
 _2089_/Q
 _2090_/Q
 _2091_/Q
 _2092_/Q
 _2093_/Q
 _2094_/Q
 _2095_/Q
 _2096_/Q
 _2097_/Q
 _2098_/Q
 _2099_/Q
 _2100_/Q
 _2101_/Q
 _2102_/Q
 _2103_/Q
 _2104_/Q
 _2105_/Q
 _2106_/Q
 _2107_/Q
 _2108_/Q
 _2109_/Q
 _2110_/Q
 _2111_/Q
 _2112_/Q
 _2113_/Q
 _2114_/Q
 _2115_/Q
 _2116_/Q
 _2117_/Q
 _2118_/Q
 _2119_/Q
 _2120_/Q
 clkbuf_0_clk/X
 clkbuf_4_0_0_clk/X
 clkbuf_4_10_0_clk/X
 clkbuf_4_11_0_clk/X
 clkbuf_4_12_0_clk/X
 clkbuf_4_13_0_clk/X
 clkbuf_4_14_0_clk/X
 clkbuf_4_15_0_clk/X
 clkbuf_4_1_0_clk/X
 clkbuf_4_2_0_clk/X
 clkbuf_4_3_0_clk/X
 clkbuf_4_4_0_clk/X
 clkbuf_4_5_0_clk/X
 clkbuf_4_6_0_clk/X
 clkbuf_4_7_0_clk/X
 clkbuf_4_8_0_clk/X
 clkbuf_4_9_0_clk/X
 clkload0/Y
 clkload1/X
 clkload10/Y
 clkload11/Y
 clkload2/Y
 clkload3/Y
 clkload4/Y
 clkload5/X
 clkload6/X
 clkload7/Y
 clkload8/Y
 clkload9/Y
 clone3/X
 hold100/X
 hold101/X
 hold102/X
 hold103/X
 hold104/X
 hold105/X
 hold106/X
 hold107/X
 hold108/X
 hold109/X
 hold110/X
 hold111/X
 hold112/X
 hold113/X
 hold23/X
 hold24/X
 hold25/X
 hold26/X
 hold27/X
 hold28/X
 hold29/X
 hold30/X
 hold31/X
 hold32/X
 hold33/X
 hold34/X
 hold35/X
 hold36/X
 hold37/X
 hold38/X
 hold39/X
 hold40/X
 hold41/X
 hold42/X
 hold43/X
 hold44/X
 hold45/X
 hold46/X
 hold47/X
 hold48/X
 hold49/X
 hold50/X
 hold51/X
 hold52/X
 hold53/X
 hold54/X
 hold55/X
 hold56/X
 hold57/X
 hold58/X
 hold59/X
 hold60/X
 hold61/X
 hold62/X
 hold63/X
 hold64/X
 hold65/X
 hold66/X
 hold67/X
 hold68/X
 hold69/X
 hold70/X
 hold71/X
 hold72/X
 hold73/X
 hold74/X
 hold75/X
 hold76/X
 hold77/X
 hold78/X
 hold79/X
 hold80/X
 hold81/X
 hold82/X
 hold83/X
 hold84/X
 hold85/X
 hold86/X
 hold87/X
 hold88/X
 hold89/X
 hold90/X
 hold91/X
 hold92/X
 hold93/X
 hold94/X
 hold95/X
 hold96/X
 hold97/X
 hold98/X
 hold99/X
 input1/X
 max_cap34/X
 max_cap35/X
 max_cap36/X
 output10/X
 output11/X
 output12/X
 output13/X
 output14/X
 output15/X
 output16/X
 output17/X
 output18/X
 output19/X
 output2/X
 output20/X
 output21/X
 output22/X
 output23/X
 output24/X
 output25/X
 output26/X
 output27/X
 output28/X
 output29/X
 output3/X
 output30/X
 output31/X
 output32/X
 output33/X
 output4/X
 output5/X
 output6/X
 output7/X
 output8/X
 output9/X
 rebuffer1/X
 rebuffer10/X
 rebuffer11/X
 rebuffer12/X
 rebuffer13/X
 rebuffer14/X
 rebuffer15/X
 rebuffer16/X
 rebuffer17/X
 rebuffer18/X
 rebuffer19/X
 rebuffer2/X
 rebuffer20/X
 rebuffer21/X
 rebuffer3/X
 rebuffer4/X
 rebuffer5/X
 rebuffer6/X
 rebuffer7/X
 rebuffer8/X
 rebuffer9/X
 wire37/X
Found 0 partially unannotated drivers.

===========================================================================
max slew violation count 0
max fanout violation count 1
max cap violation count 0
============================================================================

===========================================================================
check_setup -verbose -unconstrained_endpoints -multiple_clock -no_clock -no_input_delay -loops -generated_clocks
===========================================================================
