OpenROAD b16bda7e82721d10566ff7e2b68f1ff0be9f9e38 
Features included (+) or not (-): +Charts +GPU +GUI +Python
This program is licensed under the BSD-3 license. See the LICENSE file for details.
Components of this program may be licensed under more restrictive licenses which must be honored.
define_corners Typical
read_liberty -corner Typical /root/.volare/sky130A/libs.ref/sky130_fd_sc_hd/lib/sky130_fd_sc_hd__tt_025C_1v80.lib
Using 1e-12 for capacitance...
Using 1e+03 for resistance...
Using 1e-09 for time...
Using 1e+00 for voltage...
Using 1e-03 for current...
Using 1e-09 for power...
Using 1e-06 for distance...
[INFO]: Reading ODB at '/openlane/designs/6th_project/runs/RUN_2025.06.16_13.48.20/tmp/routing/21-fill.odb'…
Reading design constraints file at '/openlane/scripts/base.sdc'…
[INFO]: Setting output delay to: 2.0
[INFO]: Setting input delay to: 2.0
[INFO]: Setting load to: 0.033442
[INFO]: Setting clock uncertainty to: 0.25
[INFO]: Setting clock transition to: 0.15
[INFO]: Setting timing derate to: 5.0 %
[INFO ORD-0030] Using 2 thread(s).
[INFO DRT-0149] Reading tech and libs.
[WARNING DRT-0349] LEF58_ENCLOSURE with no CUTCLASS is not supported. Skipping for layer mcon
[WARNING DRT-0349] LEF58_ENCLOSURE with no CUTCLASS is not supported. Skipping for layer mcon
[WARNING DRT-0349] LEF58_ENCLOSURE with no CUTCLASS is not supported. Skipping for layer via
[WARNING DRT-0349] LEF58_ENCLOSURE with no CUTCLASS is not supported. Skipping for layer via
[WARNING DRT-0349] LEF58_ENCLOSURE with no CUTCLASS is not supported. Skipping for layer via2
[WARNING DRT-0349] LEF58_ENCLOSURE with no CUTCLASS is not supported. Skipping for layer via2
[WARNING DRT-0349] LEF58_ENCLOSURE with no CUTCLASS is not supported. Skipping for layer via3
[WARNING DRT-0349] LEF58_ENCLOSURE with no CUTCLASS is not supported. Skipping for layer via3
[WARNING DRT-0349] LEF58_ENCLOSURE with no CUTCLASS is not supported. Skipping for layer via4
[WARNING DRT-0349] LEF58_ENCLOSURE with no CUTCLASS is not supported. Skipping for layer via4

Units:                1000
Number of layers:     13
Number of macros:     441
Number of vias:       32
Number of viarulegen: 25

[INFO DRT-0150] Reading design.

Design:                   cpu_top
Die area:                 ( 0 0 ) ( 1000000 1000000 )
Number of track patterns: 12
Number of DEF vias:       0
Number of components:     97194
Number of terminals:      19
Number of snets:          2
Number of nets:           17

[INFO DRT-0167] List of default vias:
  Layer via
    default via: M1M2_PR
  Layer via2
    default via: M2M3_PR
  Layer via3
    default via: M3M4_PR
  Layer via4
    default via: M4M5_PR
[INFO DRT-0162] Library cell analysis.
[INFO DRT-0163] Instance analysis.
[INFO DRT-0164] Number of unique instances = 21.
[INFO DRT-0168] Init region query.
[INFO DRT-0024]   Complete FR_MASTERSLICE.
[INFO DRT-0024]   Complete Fr_VIA.
[INFO DRT-0024]   Complete li1.
[INFO DRT-0024]   Complete mcon.
[INFO DRT-0024]   Complete met1.
[INFO DRT-0024]   Complete via.
[INFO DRT-0024]   Complete met2.
[INFO DRT-0024]   Complete via2.
[INFO DRT-0024]   Complete met3.
[INFO DRT-0024]   Complete via3.
[INFO DRT-0024]   Complete met4.
[INFO DRT-0024]   Complete via4.
[INFO DRT-0024]   Complete met5.
[INFO DRT-0033] FR_MASTERSLICE shape region query size = 0.
[INFO DRT-0033] FR_VIA shape region query size = 0.
[INFO DRT-0033] li1 shape region query size = 500020.
[INFO DRT-0033] mcon shape region query size = 1318080.
[INFO DRT-0033] met1 shape region query size = 197268.
[INFO DRT-0033] via shape region query size = 12600.
[INFO DRT-0033] met2 shape region query size = 7563.
[INFO DRT-0033] via2 shape region query size = 10080.
[INFO DRT-0033] met3 shape region query size = 7574.
[INFO DRT-0033] via3 shape region query size = 10080.
[INFO DRT-0033] met4 shape region query size = 2718.
[INFO DRT-0033] via4 shape region query size = 242.
[INFO DRT-0033] met5 shape region query size = 198.
[INFO DRT-0165] Start pin access.
[INFO DRT-0078]   Complete 4 pins.
[INFO DRT-0081]   Complete 4 unique inst patterns.
[INFO DRT-0084]   Complete 14 groups.
#scanned instances     = 97194
#unique  instances     = 21
#stdCellGenAp          = 16
#stdCellValidPlanarAp  = 0
#stdCellValidViaAp     = 16
#stdCellPinNoAp        = 0
#stdCellPinCnt         = 14
#instTermValidViaApCnt = 0
#macroGenAp            = 0
#macroValidPlanarAp    = 0
#macroValidViaAp       = 0
#macroNoAp             = 0
[INFO DRT-0166] Complete pin access.
[INFO DRT-0267] cpu time = 00:00:00, elapsed time = 00:00:00, memory = 353.29 (MB), peak = 379.68 (MB)

Number of guides:     74

[INFO DRT-0169] Post process guides.
[INFO DRT-0176] GCELLGRID X 0 DO 144 STEP 6900 ;
[INFO DRT-0177] GCELLGRID Y 0 DO 144 STEP 6900 ;
[INFO DRT-0028]   Complete FR_MASTERSLICE.
[INFO DRT-0028]   Complete Fr_VIA.
[INFO DRT-0028]   Complete li1.
[INFO DRT-0028]   Complete mcon.
[INFO DRT-0028]   Complete met1.
[INFO DRT-0028]   Complete via.
[INFO DRT-0028]   Complete met2.
[INFO DRT-0028]   Complete via2.
[INFO DRT-0028]   Complete met3.
[INFO DRT-0028]   Complete via3.
[INFO DRT-0028]   Complete met4.
[INFO DRT-0028]   Complete via4.
[INFO DRT-0028]   Complete met5.
[INFO DRT-0178] Init guide query.
[INFO DRT-0035]   Complete FR_MASTERSLICE (guide).
[INFO DRT-0035]   Complete Fr_VIA (guide).
[INFO DRT-0035]   Complete li1 (guide).
[INFO DRT-0035]   Complete mcon (guide).
[INFO DRT-0035]   Complete met1 (guide).
[INFO DRT-0035]   Complete via (guide).
[INFO DRT-0035]   Complete met2 (guide).
[INFO DRT-0035]   Complete via2 (guide).
[INFO DRT-0035]   Complete met3 (guide).
[INFO DRT-0035]   Complete via3 (guide).
[INFO DRT-0035]   Complete met4 (guide).
[INFO DRT-0035]   Complete via4 (guide).
[INFO DRT-0035]   Complete met5 (guide).
[INFO DRT-0036] FR_MASTERSLICE guide region query size = 0.
[INFO DRT-0036] FR_VIA guide region query size = 0.
[INFO DRT-0036] li1 guide region query size = 14.
[INFO DRT-0036] mcon guide region query size = 0.
[INFO DRT-0036] met1 guide region query size = 14.
[INFO DRT-0036] via guide region query size = 0.
[INFO DRT-0036] met2 guide region query size = 14.
[INFO DRT-0036] via2 guide region query size = 0.
[INFO DRT-0036] met3 guide region query size = 14.
[INFO DRT-0036] via3 guide region query size = 0.
[INFO DRT-0036] met4 guide region query size = 0.
[INFO DRT-0036] via4 guide region query size = 0.
[INFO DRT-0036] met5 guide region query size = 0.
[INFO DRT-0179] Init gr pin query.
[INFO DRT-0245] skipped writing guide updates to database.
[INFO DRT-0185] Post process initialize RPin region query.
[INFO DRT-0181] Start track assignment.
[INFO DRT-0184] Done with 28 vertical wires in 3 frboxes and 28 horizontal wires in 3 frboxes.
[INFO DRT-0186] Done with 0 vertical wires in 3 frboxes and 0 horizontal wires in 3 frboxes.
[INFO DRT-0182] Complete track assignment.
[INFO DRT-0267] cpu time = 00:00:06, elapsed time = 00:00:02, memory = 513.22 (MB), peak = 576.12 (MB)
[INFO DRT-0187] Start routing data preparation.
[INFO DRT-0267] cpu time = 00:00:00, elapsed time = 00:00:00, memory = 513.22 (MB), peak = 576.12 (MB)
[INFO DRT-0194] Start detail routing.
[INFO DRT-0195] Start 0th optimization iteration.
    Completing 10% with 0 violations.
    elapsed time = 00:00:00, memory = 513.22 (MB).
    Completing 20% with 0 violations.
    elapsed time = 00:00:00, memory = 513.22 (MB).
    Completing 30% with 8 violations.
    elapsed time = 00:00:00, memory = 513.22 (MB).
    Completing 40% with 8 violations.
    elapsed time = 00:00:00, memory = 513.22 (MB).
    Completing 50% with 8 violations.
    elapsed time = 00:00:00, memory = 513.22 (MB).
    Completing 60% with 10 violations.
    elapsed time = 00:00:00, memory = 513.22 (MB).
    Completing 70% with 10 violations.
    elapsed time = 00:00:00, memory = 513.22 (MB).
    Completing 80% with 10 violations.
    elapsed time = 00:00:00, memory = 513.22 (MB).
    Completing 90% with 10 violations.
    elapsed time = 00:00:00, memory = 513.22 (MB).
    Completing 100% with 10 violations.
    elapsed time = 00:00:00, memory = 513.22 (MB).
[INFO DRT-0199]   Number of violations = 10.
Viol/Layer        met3
Metal Spacing       10
[INFO DRT-0267] cpu time = 00:00:00, elapsed time = 00:00:00, memory = 851.54 (MB), peak = 851.54 (MB)
Total wire length = 67 um.
Total wire length on LAYER li1 = 0 um.
Total wire length on LAYER met1 = 27 um.
Total wire length on LAYER met2 = 12 um.
Total wire length on LAYER met3 = 27 um.
Total wire length on LAYER met4 = 0 um.
Total wire length on LAYER met5 = 0 um.
Total number of vias = 42.
Up-via summary (total 42):

---------------------
 FR_MASTERSLICE     0
            li1    14
           met1    14
           met2    14
           met3     0
           met4     0
---------------------
                   42


[INFO DRT-0195] Start 1st optimization iteration.
    Completing 10% with 10 violations.
    elapsed time = 00:00:00, memory = 851.54 (MB).
    Completing 20% with 10 violations.
    elapsed time = 00:00:00, memory = 851.54 (MB).
    Completing 30% with 1 violations.
    elapsed time = 00:00:00, memory = 851.54 (MB).
    Completing 40% with 1 violations.
    elapsed time = 00:00:00, memory = 851.54 (MB).
    Completing 50% with 1 violations.
    elapsed time = 00:00:00, memory = 851.54 (MB).
    Completing 60% with 0 violations.
    elapsed time = 00:00:00, memory = 851.54 (MB).
    Completing 70% with 0 violations.
    elapsed time = 00:00:00, memory = 851.54 (MB).
    Completing 80% with 0 violations.
    elapsed time = 00:00:00, memory = 851.54 (MB).
    Completing 90% with 0 violations.
    elapsed time = 00:00:00, memory = 851.54 (MB).
    Completing 100% with 0 violations.
    elapsed time = 00:00:00, memory = 851.54 (MB).
[INFO DRT-0199]   Number of violations = 0.
[INFO DRT-0267] cpu time = 00:00:00, elapsed time = 00:00:00, memory = 851.54 (MB), peak = 851.54 (MB)
Total wire length = 70 um.
Total wire length on LAYER li1 = 0 um.
Total wire length on LAYER met1 = 27 um.
Total wire length on LAYER met2 = 9 um.
Total wire length on LAYER met3 = 33 um.
Total wire length on LAYER met4 = 0 um.
Total wire length on LAYER met5 = 0 um.
Total number of vias = 42.
Up-via summary (total 42):

---------------------
 FR_MASTERSLICE     0
            li1    14
           met1    14
           met2    14
           met3     0
           met4     0
---------------------
                   42


[INFO DRT-0198] Complete detail routing.
Total wire length = 70 um.
Total wire length on LAYER li1 = 0 um.
Total wire length on LAYER met1 = 27 um.
Total wire length on LAYER met2 = 9 um.
Total wire length on LAYER met3 = 33 um.
Total wire length on LAYER met4 = 0 um.
Total wire length on LAYER met5 = 0 um.
Total number of vias = 42.
Up-via summary (total 42):

---------------------
 FR_MASTERSLICE     0
            li1    14
           met1    14
           met2    14
           met3     0
           met4     0
---------------------
                   42


[INFO DRT-0267] cpu time = 00:00:01, elapsed time = 00:00:00, memory = 851.54 (MB), peak = 851.54 (MB)

[INFO DRT-0180] Post processing.
Setting global connections for newly added cells…
Writing OpenROAD database to '/openlane/designs/6th_project/runs/RUN_2025.06.16_13.48.20/results/routing/cpu_top.odb'…
Writing netlist to '/openlane/designs/6th_project/runs/RUN_2025.06.16_13.48.20/results/routing/cpu_top.nl.v'…
Writing powered netlist to '/openlane/designs/6th_project/runs/RUN_2025.06.16_13.48.20/results/routing/cpu_top.pnl.v'…
Writing layout to '/openlane/designs/6th_project/runs/RUN_2025.06.16_13.48.20/results/routing/cpu_top.def'…
