
 /----------------------------------------------------------------------------\
 |                                                                            |
 |  yosys -- Yosys Open SYnthesis Suite                                       |
 |                                                                            |
 |  Copyright (C) 2012 - 2020  Claire Xenia Wolf <claire@yosyshq.com>         |
 |                                                                            |
 |  Permission to use, copy, modify, and/or distribute this software for any  |
 |  purpose with or without fee is hereby granted, provided that the above    |
 |  copyright notice and this permission notice appear in all copies.         |
 |                                                                            |
 |  THE SOFTWARE IS PROVIDED "AS IS" AND THE AUTHOR DISCLAIMS ALL WARRANTIES  |
 |  WITH REGARD TO THIS SOFTWARE INCLUDING ALL IMPLIED WARRANTIES OF          |
 |  MERCHANTABILITY AND FITNESS. IN NO EVENT SHALL THE AUTHOR BE LIABLE FOR   |
 |  ANY SPECIAL, DIRECT, INDIRECT, OR CONSEQUENTIAL DAMAGES OR ANY DAMAGES    |
 |  WHATSOEVER RESULTING FROM LOSS OF USE, DATA OR PROFITS, WHETHER IN AN     |
 |  ACTION OF CONTRACT, NEGLIGENCE OR OTHER TORTIOUS ACTION, ARISING OUT OF   |
 |  OR IN CONNECTION WITH THE USE OR PERFORMANCE OF THIS SOFTWARE.            |
 |                                                                            |
 \----------------------------------------------------------------------------/

 Yosys 0.38 (git sha1 543faed9c8c, clang++ 17.0.6 -fPIC -Os)

[TCL: yosys -import] Command name collision: found pre-existing command `cd' -> skip.
[TCL: yosys -import] Command name collision: found pre-existing command `eval' -> skip.
[TCL: yosys -import] Command name collision: found pre-existing command `exec' -> skip.
[TCL: yosys -import] Command name collision: found pre-existing command `read' -> skip.
[TCL: yosys -import] Command name collision: found pre-existing command `trace' -> skip.

1. Executing Liberty frontend: /root/.volare/sky130A/libs.ref/sky130_fd_sc_hd/lib/sky130_fd_sc_hd__tt_025C_1v80.lib
Imported 428 cell types from liberty file.

2. Executing Verilog-2005 frontend: /openlane/designs/5th_project/src/implement.v
Parsing SystemVerilog input from `/openlane/designs/5th_project/src/implement.v' to AST representation.
Storing AST representation for module `$abstract\top_module'.
Successfully finished Verilog frontend.

3. Executing Verilog-2005 frontend: /openlane/designs/5th_project/src/counter.v
Parsing SystemVerilog input from `/openlane/designs/5th_project/src/counter.v' to AST representation.
Storing AST representation for module `$abstract\program_counter'.
Successfully finished Verilog frontend.

4. Executing Verilog-2005 frontend: /openlane/designs/5th_project/src/register.v
Parsing SystemVerilog input from `/openlane/designs/5th_project/src/register.v' to AST representation.
Storing AST representation for module `$abstract\register_file'.
Successfully finished Verilog frontend.

5. Executing Verilog-2005 frontend: /openlane/designs/5th_project/src/decoder.v
Parsing SystemVerilog input from `/openlane/designs/5th_project/src/decoder.v' to AST representation.
Storing AST representation for module `$abstract\instruction_decoder'.
Successfully finished Verilog frontend.

6. Executing Verilog-2005 frontend: /openlane/designs/5th_project/src/memory.v
Parsing SystemVerilog input from `/openlane/designs/5th_project/src/memory.v' to AST representation.
Storing AST representation for module `$abstract\instruction_memory'.
Successfully finished Verilog frontend.

7. Executing Verilog-2005 frontend: /openlane/designs/5th_project/src/alu.v
Parsing SystemVerilog input from `/openlane/designs/5th_project/src/alu.v' to AST representation.
Storing AST representation for module `$abstract\alu'.
Successfully finished Verilog frontend.

8. Executing HIERARCHY pass (managing design hierarchy).

9. Executing AST frontend in derive mode using pre-parsed AST for module `\top_module'.
Generating RTLIL representation for module `\top_module'.

9.1. Analyzing design hierarchy..
Top module:  \top_module

9.2. Executing AST frontend in derive mode using pre-parsed AST for module `\alu'.
Generating RTLIL representation for module `\alu'.

9.3. Executing AST frontend in derive mode using pre-parsed AST for module `\register_file'.
Generating RTLIL representation for module `\register_file'.
Warning: Replacing memory \registers with list of registers. See /openlane/designs/5th_project/src/register.v:19

9.4. Executing AST frontend in derive mode using pre-parsed AST for module `\instruction_decoder'.
Generating RTLIL representation for module `\instruction_decoder'.

9.5. Executing AST frontend in derive mode using pre-parsed AST for module `\instruction_memory'.
Generating RTLIL representation for module `\instruction_memory'.

9.6. Executing AST frontend in derive mode using pre-parsed AST for module `\program_counter'.
Generating RTLIL representation for module `\program_counter'.

9.7. Analyzing design hierarchy..
Top module:  \top_module
Used module:     \alu
Used module:     \register_file
Used module:     \instruction_decoder
Used module:     \instruction_memory
Used module:     \program_counter

9.8. Analyzing design hierarchy..
Top module:  \top_module
Used module:     \alu
Used module:     \register_file
Used module:     \instruction_decoder
Used module:     \instruction_memory
Used module:     \program_counter
Removing unused module `$abstract\alu'.
Removing unused module `$abstract\instruction_memory'.
Removing unused module `$abstract\instruction_decoder'.
Removing unused module `$abstract\register_file'.
Removing unused module `$abstract\program_counter'.
Removing unused module `$abstract\top_module'.
Removed 6 unused modules.

10. Generating Graphviz representation of design.
Writing dot description to `/openlane/designs/5th_project/runs/RUN_2025.06.16_11.45.26/tmp/synthesis/hierarchy.dot'.
Dumping module top_module to page 1.
Renaming module top_module to top_module.

11. Executing TRIBUF pass.

12. Executing HIERARCHY pass (managing design hierarchy).

12.1. Analyzing design hierarchy..
Top module:  \top_module
Used module:     \alu
Used module:     \register_file
Used module:     \instruction_decoder
Used module:     \instruction_memory
Used module:     \program_counter

12.2. Analyzing design hierarchy..
Top module:  \top_module
Used module:     \alu
Used module:     \register_file
Used module:     \instruction_decoder
Used module:     \instruction_memory
Used module:     \program_counter
Removed 0 unused modules.

13. Executing PROC_CLEAN pass (remove empty switches from decision trees).
Cleaned up 0 empty switches.

14. Executing PROC_RMDEAD pass (remove dead branches from decision trees).
Marked 1 switch rules as full_case in process $proc$/openlane/designs/5th_project/src/memory.v:6$37 in module instruction_memory.
Marked 2 switch rules as full_case in process $proc$/openlane/designs/5th_project/src/decoder.v:12$35 in module instruction_decoder.
Removed 1 dead cases from process $proc$/openlane/designs/5th_project/src/register.v:0$32 in module register_file.
Marked 1 switch rules as full_case in process $proc$/openlane/designs/5th_project/src/register.v:0$32 in module register_file.
Removed 1 dead cases from process $proc$/openlane/designs/5th_project/src/register.v:0$29 in module register_file.
Marked 1 switch rules as full_case in process $proc$/openlane/designs/5th_project/src/register.v:0$29 in module register_file.
Marked 3 switch rules as full_case in process $proc$/openlane/designs/5th_project/src/register.v:16$16 in module register_file.
Removed 1 dead cases from process $proc$/openlane/designs/5th_project/src/alu.v:8$6 in module alu.
Marked 1 switch rules as full_case in process $proc$/openlane/designs/5th_project/src/alu.v:8$6 in module alu.
Marked 1 switch rules as full_case in process $proc$/openlane/designs/5th_project/src/counter.v:8$38 in module program_counter.
Removed a total of 3 dead cases.

15. Executing PROC_PRUNE pass (remove redundant assignments in processes).
Removed 0 redundant assignments.
Promoted 13 assignments to connections.

16. Executing PROC_INIT pass (extract init attributes).

17. Executing PROC_ARST pass (detect async resets in processes).
Found async reset \reset in `\register_file.$proc$/openlane/designs/5th_project/src/register.v:16$16'.
Found async reset \reset in `\program_counter.$proc$/openlane/designs/5th_project/src/counter.v:8$38'.

18. Executing PROC_ROM pass (convert switches to ROMs).
Converted 0 switches.
<suppressed ~9 debug messages>

19. Executing PROC_MUX pass (convert decision trees to multiplexers).
Creating decoders for process `\instruction_memory.$proc$/openlane/designs/5th_project/src/memory.v:6$37'.
     1/1: $1\instruction[31:0]
Creating decoders for process `\instruction_decoder.$proc$/openlane/designs/5th_project/src/decoder.v:12$35'.
     1/12: $2\reg_write[0:0]
     2/12: $2\alu_op[2:0]
     3/12: $2\immediate[31:0]
     4/12: $2\rd[4:0]
     5/12: $2\rs2[4:0]
     6/12: $2\rs1[4:0]
     7/12: $1\reg_write[0:0]
     8/12: $1\alu_op[2:0]
     9/12: $1\immediate[31:0]
    10/12: $1\rd[4:0]
    11/12: $1\rs2[4:0]
    12/12: $1\rs1[4:0]
Creating decoders for process `\register_file.$proc$/openlane/designs/5th_project/src/register.v:0$32'.
     1/1: $1$mem2reg_rd$\registers$/openlane/designs/5th_project/src/register.v:27$15_DATA[31:0]$34
Creating decoders for process `\register_file.$proc$/openlane/designs/5th_project/src/register.v:0$29'.
     1/1: $1$mem2reg_rd$\registers$/openlane/designs/5th_project/src/register.v:26$14_DATA[31:0]$31
Creating decoders for process `\register_file.$proc$/openlane/designs/5th_project/src/register.v:16$16'.
     1/37: $2$mem2reg_wr$\registers$/openlane/designs/5th_project/src/register.v:22$13_ADDR[4:0]$23
     2/37: $2$mem2reg_wr$\registers$/openlane/designs/5th_project/src/register.v:22$13_DATA[31:0]$24
     3/37: $1$mem2reg_wr$\registers$/openlane/designs/5th_project/src/register.v:22$13_DATA[31:0]$20
     4/37: $1$mem2reg_wr$\registers$/openlane/designs/5th_project/src/register.v:22$13_ADDR[4:0]$19
     5/37: $1\i[31:0]
     6/37: $0\registers[31][31:0]
     7/37: $0\registers[30][31:0]
     8/37: $0\registers[29][31:0]
     9/37: $0\registers[28][31:0]
    10/37: $0\registers[27][31:0]
    11/37: $0\registers[26][31:0]
    12/37: $0\registers[25][31:0]
    13/37: $0\registers[24][31:0]
    14/37: $0\registers[23][31:0]
    15/37: $0\registers[22][31:0]
    16/37: $0\registers[21][31:0]
    17/37: $0\registers[20][31:0]
    18/37: $0\registers[19][31:0]
    19/37: $0\registers[18][31:0]
    20/37: $0\registers[17][31:0]
    21/37: $0\registers[16][31:0]
    22/37: $0\registers[15][31:0]
    23/37: $0\registers[14][31:0]
    24/37: $0\registers[13][31:0]
    25/37: $0\registers[12][31:0]
    26/37: $0\registers[11][31:0]
    27/37: $0\registers[10][31:0]
    28/37: $0\registers[9][31:0]
    29/37: $0\registers[8][31:0]
    30/37: $0\registers[7][31:0]
    31/37: $0\registers[6][31:0]
    32/37: $0\registers[5][31:0]
    33/37: $0\registers[4][31:0]
    34/37: $0\registers[3][31:0]
    35/37: $0\registers[2][31:0]
    36/37: $0\registers[1][31:0]
    37/37: $0\registers[0][31:0]
Creating decoders for process `\alu.$proc$/openlane/designs/5th_project/src/alu.v:8$6'.
     1/1: $1\result[31:0]
Creating decoders for process `\program_counter.$proc$/openlane/designs/5th_project/src/counter.v:8$38'.
     1/1: $0\pc[31:0]

20. Executing PROC_DLATCH pass (convert process syncs to latches).
No latch inferred for signal `\instruction_memory.\instruction' from process `\instruction_memory.$proc$/openlane/designs/5th_project/src/memory.v:6$37'.
No latch inferred for signal `\instruction_decoder.\rs1' from process `\instruction_decoder.$proc$/openlane/designs/5th_project/src/decoder.v:12$35'.
No latch inferred for signal `\instruction_decoder.\rs2' from process `\instruction_decoder.$proc$/openlane/designs/5th_project/src/decoder.v:12$35'.
No latch inferred for signal `\instruction_decoder.\rd' from process `\instruction_decoder.$proc$/openlane/designs/5th_project/src/decoder.v:12$35'.
No latch inferred for signal `\instruction_decoder.\immediate' from process `\instruction_decoder.$proc$/openlane/designs/5th_project/src/decoder.v:12$35'.
No latch inferred for signal `\instruction_decoder.\alu_op' from process `\instruction_decoder.$proc$/openlane/designs/5th_project/src/decoder.v:12$35'.
No latch inferred for signal `\instruction_decoder.\reg_write' from process `\instruction_decoder.$proc$/openlane/designs/5th_project/src/decoder.v:12$35'.
No latch inferred for signal `\register_file.$mem2reg_rd$\registers$/openlane/designs/5th_project/src/register.v:27$15_DATA' from process `\register_file.$proc$/openlane/designs/5th_project/src/register.v:0$32'.
No latch inferred for signal `\register_file.$mem2reg_rd$\registers$/openlane/designs/5th_project/src/register.v:26$14_DATA' from process `\register_file.$proc$/openlane/designs/5th_project/src/register.v:0$29'.
No latch inferred for signal `\alu.\result' from process `\alu.$proc$/openlane/designs/5th_project/src/alu.v:8$6'.

21. Executing PROC_DFF pass (convert process syncs to FFs).
Creating register for signal `\register_file.\i' using process `\register_file.$proc$/openlane/designs/5th_project/src/register.v:16$16'.
  created $adff cell `$procdff$856' with positive edge clock and positive level reset.
Creating register for signal `\register_file.\registers[0]' using process `\register_file.$proc$/openlane/designs/5th_project/src/register.v:16$16'.
  created $adff cell `$procdff$857' with positive edge clock and positive level reset.
Creating register for signal `\register_file.\registers[1]' using process `\register_file.$proc$/openlane/designs/5th_project/src/register.v:16$16'.
  created $adff cell `$procdff$858' with positive edge clock and positive level reset.
Creating register for signal `\register_file.\registers[2]' using process `\register_file.$proc$/openlane/designs/5th_project/src/register.v:16$16'.
  created $adff cell `$procdff$859' with positive edge clock and positive level reset.
Creating register for signal `\register_file.\registers[3]' using process `\register_file.$proc$/openlane/designs/5th_project/src/register.v:16$16'.
  created $adff cell `$procdff$860' with positive edge clock and positive level reset.
Creating register for signal `\register_file.\registers[4]' using process `\register_file.$proc$/openlane/designs/5th_project/src/register.v:16$16'.
  created $adff cell `$procdff$861' with positive edge clock and positive level reset.
Creating register for signal `\register_file.\registers[5]' using process `\register_file.$proc$/openlane/designs/5th_project/src/register.v:16$16'.
  created $adff cell `$procdff$862' with positive edge clock and positive level reset.
Creating register for signal `\register_file.\registers[6]' using process `\register_file.$proc$/openlane/designs/5th_project/src/register.v:16$16'.
  created $adff cell `$procdff$863' with positive edge clock and positive level reset.
Creating register for signal `\register_file.\registers[7]' using process `\register_file.$proc$/openlane/designs/5th_project/src/register.v:16$16'.
  created $adff cell `$procdff$864' with positive edge clock and positive level reset.
Creating register for signal `\register_file.\registers[8]' using process `\register_file.$proc$/openlane/designs/5th_project/src/register.v:16$16'.
  created $adff cell `$procdff$865' with positive edge clock and positive level reset.
Creating register for signal `\register_file.\registers[9]' using process `\register_file.$proc$/openlane/designs/5th_project/src/register.v:16$16'.
  created $adff cell `$procdff$866' with positive edge clock and positive level reset.
Creating register for signal `\register_file.\registers[10]' using process `\register_file.$proc$/openlane/designs/5th_project/src/register.v:16$16'.
  created $adff cell `$procdff$867' with positive edge clock and positive level reset.
Creating register for signal `\register_file.\registers[11]' using process `\register_file.$proc$/openlane/designs/5th_project/src/register.v:16$16'.
  created $adff cell `$procdff$868' with positive edge clock and positive level reset.
Creating register for signal `\register_file.\registers[12]' using process `\register_file.$proc$/openlane/designs/5th_project/src/register.v:16$16'.
  created $adff cell `$procdff$869' with positive edge clock and positive level reset.
Creating register for signal `\register_file.\registers[13]' using process `\register_file.$proc$/openlane/designs/5th_project/src/register.v:16$16'.
  created $adff cell `$procdff$870' with positive edge clock and positive level reset.
Creating register for signal `\register_file.\registers[14]' using process `\register_file.$proc$/openlane/designs/5th_project/src/register.v:16$16'.
  created $adff cell `$procdff$871' with positive edge clock and positive level reset.
Creating register for signal `\register_file.\registers[15]' using process `\register_file.$proc$/openlane/designs/5th_project/src/register.v:16$16'.
  created $adff cell `$procdff$872' with positive edge clock and positive level reset.
Creating register for signal `\register_file.\registers[16]' using process `\register_file.$proc$/openlane/designs/5th_project/src/register.v:16$16'.
  created $adff cell `$procdff$873' with positive edge clock and positive level reset.
Creating register for signal `\register_file.\registers[17]' using process `\register_file.$proc$/openlane/designs/5th_project/src/register.v:16$16'.
  created $adff cell `$procdff$874' with positive edge clock and positive level reset.
Creating register for signal `\register_file.\registers[18]' using process `\register_file.$proc$/openlane/designs/5th_project/src/register.v:16$16'.
  created $adff cell `$procdff$875' with positive edge clock and positive level reset.
Creating register for signal `\register_file.\registers[19]' using process `\register_file.$proc$/openlane/designs/5th_project/src/register.v:16$16'.
  created $adff cell `$procdff$876' with positive edge clock and positive level reset.
Creating register for signal `\register_file.\registers[20]' using process `\register_file.$proc$/openlane/designs/5th_project/src/register.v:16$16'.
  created $adff cell `$procdff$877' with positive edge clock and positive level reset.
Creating register for signal `\register_file.\registers[21]' using process `\register_file.$proc$/openlane/designs/5th_project/src/register.v:16$16'.
  created $adff cell `$procdff$878' with positive edge clock and positive level reset.
Creating register for signal `\register_file.\registers[22]' using process `\register_file.$proc$/openlane/designs/5th_project/src/register.v:16$16'.
  created $adff cell `$procdff$879' with positive edge clock and positive level reset.
Creating register for signal `\register_file.\registers[23]' using process `\register_file.$proc$/openlane/designs/5th_project/src/register.v:16$16'.
  created $adff cell `$procdff$880' with positive edge clock and positive level reset.
Creating register for signal `\register_file.\registers[24]' using process `\register_file.$proc$/openlane/designs/5th_project/src/register.v:16$16'.
  created $adff cell `$procdff$881' with positive edge clock and positive level reset.
Creating register for signal `\register_file.\registers[25]' using process `\register_file.$proc$/openlane/designs/5th_project/src/register.v:16$16'.
  created $adff cell `$procdff$882' with positive edge clock and positive level reset.
Creating register for signal `\register_file.\registers[26]' using process `\register_file.$proc$/openlane/designs/5th_project/src/register.v:16$16'.
  created $adff cell `$procdff$883' with positive edge clock and positive level reset.
Creating register for signal `\register_file.\registers[27]' using process `\register_file.$proc$/openlane/designs/5th_project/src/register.v:16$16'.
  created $adff cell `$procdff$884' with positive edge clock and positive level reset.
Creating register for signal `\register_file.\registers[28]' using process `\register_file.$proc$/openlane/designs/5th_project/src/register.v:16$16'.
  created $adff cell `$procdff$885' with positive edge clock and positive level reset.
Creating register for signal `\register_file.\registers[29]' using process `\register_file.$proc$/openlane/designs/5th_project/src/register.v:16$16'.
  created $adff cell `$procdff$886' with positive edge clock and positive level reset.
Creating register for signal `\register_file.\registers[30]' using process `\register_file.$proc$/openlane/designs/5th_project/src/register.v:16$16'.
  created $adff cell `$procdff$887' with positive edge clock and positive level reset.
Creating register for signal `\register_file.\registers[31]' using process `\register_file.$proc$/openlane/designs/5th_project/src/register.v:16$16'.
  created $adff cell `$procdff$888' with positive edge clock and positive level reset.
Creating register for signal `\register_file.$mem2reg_wr$\registers$/openlane/designs/5th_project/src/register.v:22$13_ADDR' using process `\register_file.$proc$/openlane/designs/5th_project/src/register.v:16$16'.
  created $adff cell `$procdff$889' with positive edge clock and positive level reset.
Creating register for signal `\register_file.$mem2reg_wr$\registers$/openlane/designs/5th_project/src/register.v:22$13_DATA' using process `\register_file.$proc$/openlane/designs/5th_project/src/register.v:16$16'.
  created $adff cell `$procdff$890' with positive edge clock and positive level reset.
Creating register for signal `\program_counter.\pc' using process `\program_counter.$proc$/openlane/designs/5th_project/src/counter.v:8$38'.
  created $adff cell `$procdff$891' with positive edge clock and positive level reset.

22. Executing PROC_MEMWR pass (convert process memory writes to cells).

23. Executing PROC_CLEAN pass (remove empty switches from decision trees).
Found and cleaned up 1 empty switch in `\instruction_memory.$proc$/openlane/designs/5th_project/src/memory.v:6$37'.
Removing empty process `instruction_memory.$proc$/openlane/designs/5th_project/src/memory.v:6$37'.
Found and cleaned up 2 empty switches in `\instruction_decoder.$proc$/openlane/designs/5th_project/src/decoder.v:12$35'.
Removing empty process `instruction_decoder.$proc$/openlane/designs/5th_project/src/decoder.v:12$35'.
Found and cleaned up 1 empty switch in `\register_file.$proc$/openlane/designs/5th_project/src/register.v:0$32'.
Removing empty process `register_file.$proc$/openlane/designs/5th_project/src/register.v:0$32'.
Found and cleaned up 1 empty switch in `\register_file.$proc$/openlane/designs/5th_project/src/register.v:0$29'.
Removing empty process `register_file.$proc$/openlane/designs/5th_project/src/register.v:0$29'.
Found and cleaned up 2 empty switches in `\register_file.$proc$/openlane/designs/5th_project/src/register.v:16$16'.
Removing empty process `register_file.$proc$/openlane/designs/5th_project/src/register.v:16$16'.
Found and cleaned up 1 empty switch in `\alu.$proc$/openlane/designs/5th_project/src/alu.v:8$6'.
Removing empty process `alu.$proc$/openlane/designs/5th_project/src/alu.v:8$6'.
Found and cleaned up 1 empty switch in `\program_counter.$proc$/openlane/designs/5th_project/src/counter.v:8$38'.
Removing empty process `program_counter.$proc$/openlane/designs/5th_project/src/counter.v:8$38'.
Cleaned up 9 empty switches.

24. Executing CHECK pass (checking for obvious problems).
Checking module top_module...
Checking module instruction_memory...
Checking module instruction_decoder...
Checking module register_file...
Checking module alu...
Checking module program_counter...
Found and reported 0 problems.

25. Executing OPT_EXPR pass (perform const folding).
Optimizing module top_module.
Optimizing module instruction_memory.
<suppressed ~1 debug messages>
Optimizing module instruction_decoder.
<suppressed ~12 debug messages>
Optimizing module register_file.
<suppressed ~6 debug messages>
Optimizing module alu.
<suppressed ~1 debug messages>
Optimizing module program_counter.

26. Executing FLATTEN pass (flatten design).
Deleting now unused module instruction_memory.
Deleting now unused module instruction_decoder.
Deleting now unused module register_file.
Deleting now unused module alu.
Deleting now unused module program_counter.
<suppressed ~5 debug messages>

27. Executing OPT_EXPR pass (perform const folding).
Optimizing module top_module.

28. Executing OPT_CLEAN pass (remove unused cells and wires).
Finding unused cells or wires in module \top_module..
Removed 6 unused cells and 135 unused wires.
<suppressed ~8 debug messages>

29. Executing OPT pass (performing simple optimizations).

29.1. Executing OPT_EXPR pass (perform const folding).
Optimizing module top_module.

29.2. Executing OPT_MERGE pass (detect identical cells).
Finding identical cells in module `\top_module'.
<suppressed ~66 debug messages>
Removed a total of 22 cells.

29.3. Executing OPT_MUXTREE pass (detect dead branches in mux trees).
Running muxtree optimizer on module \top_module..
  Creating internal representation of mux trees.
  Evaluating internal representation of mux trees.
  Analyzing evaluation results.
    dead port 2/2 on $mux $flatten\decoder_inst.$procmux$55.
    dead port 2/2 on $mux $flatten\decoder_inst.$procmux$64.
    dead port 2/2 on $mux $flatten\decoder_inst.$procmux$73.
    dead port 2/2 on $mux $flatten\decoder_inst.$procmux$82.
    dead port 2/2 on $mux $flatten\decoder_inst.$procmux$89.
    dead port 2/2 on $mux $flatten\decoder_inst.$procmux$98.
    dead port 32/33 on $pmux $flatten\rf_inst.$procmux$118.
    dead port 32/33 on $pmux $flatten\rf_inst.$procmux$151.
Removed 8 multiplexer ports.
<suppressed ~42 debug messages>

29.4. Executing OPT_REDUCE pass (consolidate $*mux and $reduce_* inputs).
  Optimizing cells in module \top_module.
    New ctrl vector for $pmux cell $flatten\alu_inst.$procmux$846: { $flatten\alu_inst.$procmux$853_CTRL $flatten\alu_inst.$procmux$850_CMP $flatten\alu_inst.$procmux$849_CMP $auto$opt_reduce.cc:134:opt_pmux$895 $auto$opt_reduce.cc:134:opt_pmux$893 }
    New ctrl vector for $pmux cell $flatten\decoder_inst.$procmux$69: $auto$opt_reduce.cc:134:opt_pmux$897
    New ctrl vector for $pmux cell $flatten\decoder_inst.$procmux$49: $auto$opt_reduce.cc:134:opt_pmux$899
    New ctrl vector for $pmux cell $flatten\decoder_inst.$procmux$76: $auto$opt_reduce.cc:134:opt_pmux$901
    New ctrl vector for $pmux cell $flatten\decoder_inst.$procmux$85: $auto$opt_reduce.cc:134:opt_pmux$903
    New ctrl vector for $pmux cell $flatten\decoder_inst.$procmux$92: $auto$opt_reduce.cc:134:opt_pmux$905
  Optimizing cells in module \top_module.
Performed a total of 6 changes.

29.5. Executing OPT_MERGE pass (detect identical cells).
Finding identical cells in module `\top_module'.
<suppressed ~6 debug messages>
Removed a total of 2 cells.

29.6. Executing OPT_DFF pass (perform DFF optimizations).

29.7. Executing OPT_CLEAN pass (remove unused cells and wires).
Finding unused cells or wires in module \top_module..
Removed 4 unused cells and 34 unused wires.
<suppressed ~6 debug messages>

29.8. Executing OPT_EXPR pass (perform const folding).
Optimizing module top_module.

29.9. Rerunning OPT passes. (Maybe there is more to do..)

29.10. Executing OPT_MUXTREE pass (detect dead branches in mux trees).
Running muxtree optimizer on module \top_module..
  Creating internal representation of mux trees.
  Evaluating internal representation of mux trees.
  Analyzing evaluation results.
Removed 0 multiplexer ports.
<suppressed ~41 debug messages>

29.11. Executing OPT_REDUCE pass (consolidate $*mux and $reduce_* inputs).
  Optimizing cells in module \top_module.
Performed a total of 0 changes.

29.12. Executing OPT_MERGE pass (detect identical cells).
Finding identical cells in module `\top_module'.
Removed a total of 0 cells.

29.13. Executing OPT_DFF pass (perform DFF optimizations).

29.14. Executing OPT_CLEAN pass (remove unused cells and wires).
Finding unused cells or wires in module \top_module..

29.15. Executing OPT_EXPR pass (perform const folding).
Optimizing module top_module.

29.16. Finished OPT passes. (There is nothing left to do.)

30. Executing FSM pass (extract and optimize FSM).

30.1. Executing FSM_DETECT pass (finding FSMs in design).

30.2. Executing FSM_EXTRACT pass (extracting FSM from design).

30.3. Executing FSM_OPT pass (simple optimizations of FSMs).

30.4. Executing OPT_CLEAN pass (remove unused cells and wires).
Finding unused cells or wires in module \top_module..

30.5. Executing FSM_OPT pass (simple optimizations of FSMs).

30.6. Executing FSM_RECODE pass (re-assigning FSM state encoding).

30.7. Executing FSM_INFO pass (dumping all available information on FSM cells).

30.8. Executing FSM_MAP pass (mapping FSMs to basic logic).

31. Executing OPT pass (performing simple optimizations).

31.1. Executing OPT_EXPR pass (perform const folding).
Optimizing module top_module.

31.2. Executing OPT_MERGE pass (detect identical cells).
Finding identical cells in module `\top_module'.
Removed a total of 0 cells.

31.3. Executing OPT_MUXTREE pass (detect dead branches in mux trees).
Running muxtree optimizer on module \top_module..
  Creating internal representation of mux trees.
  Evaluating internal representation of mux trees.
  Analyzing evaluation results.
Removed 0 multiplexer ports.
<suppressed ~41 debug messages>

31.4. Executing OPT_REDUCE pass (consolidate $*mux and $reduce_* inputs).
  Optimizing cells in module \top_module.
Performed a total of 0 changes.

31.5. Executing OPT_MERGE pass (detect identical cells).
Finding identical cells in module `\top_module'.
Removed a total of 0 cells.

31.6. Executing OPT_DFF pass (perform DFF optimizations).
Adding EN signal on $flatten\rf_inst.$procdff$888 ($adff) from module top_module (D = \rf_inst.write_data, Q = \rf_inst.registers[31]).
Adding EN signal on $flatten\rf_inst.$procdff$887 ($adff) from module top_module (D = \rf_inst.write_data, Q = \rf_inst.registers[30]).
Adding EN signal on $flatten\rf_inst.$procdff$886 ($adff) from module top_module (D = \rf_inst.write_data, Q = \rf_inst.registers[29]).
Adding EN signal on $flatten\rf_inst.$procdff$885 ($adff) from module top_module (D = \rf_inst.write_data, Q = \rf_inst.registers[28]).
Adding EN signal on $flatten\rf_inst.$procdff$884 ($adff) from module top_module (D = \rf_inst.write_data, Q = \rf_inst.registers[27]).
Adding EN signal on $flatten\rf_inst.$procdff$883 ($adff) from module top_module (D = \rf_inst.write_data, Q = \rf_inst.registers[26]).
Adding EN signal on $flatten\rf_inst.$procdff$882 ($adff) from module top_module (D = \rf_inst.write_data, Q = \rf_inst.registers[25]).
Adding EN signal on $flatten\rf_inst.$procdff$881 ($adff) from module top_module (D = \rf_inst.write_data, Q = \rf_inst.registers[24]).
Adding EN signal on $flatten\rf_inst.$procdff$880 ($adff) from module top_module (D = \rf_inst.write_data, Q = \rf_inst.registers[23]).
Adding EN signal on $flatten\rf_inst.$procdff$879 ($adff) from module top_module (D = \rf_inst.write_data, Q = \rf_inst.registers[22]).
Adding EN signal on $flatten\rf_inst.$procdff$878 ($adff) from module top_module (D = \rf_inst.write_data, Q = \rf_inst.registers[21]).
Adding EN signal on $flatten\rf_inst.$procdff$877 ($adff) from module top_module (D = \rf_inst.write_data, Q = \rf_inst.registers[20]).
Adding EN signal on $flatten\rf_inst.$procdff$876 ($adff) from module top_module (D = \rf_inst.write_data, Q = \rf_inst.registers[19]).
Adding EN signal on $flatten\rf_inst.$procdff$875 ($adff) from module top_module (D = \rf_inst.write_data, Q = \rf_inst.registers[18]).
Adding EN signal on $flatten\rf_inst.$procdff$874 ($adff) from module top_module (D = \rf_inst.write_data, Q = \rf_inst.registers[17]).
Adding EN signal on $flatten\rf_inst.$procdff$873 ($adff) from module top_module (D = \rf_inst.write_data, Q = \rf_inst.registers[16]).
Adding EN signal on $flatten\rf_inst.$procdff$872 ($adff) from module top_module (D = \rf_inst.write_data, Q = \rf_inst.registers[15]).
Adding EN signal on $flatten\rf_inst.$procdff$871 ($adff) from module top_module (D = \rf_inst.write_data, Q = \rf_inst.registers[14]).
Adding EN signal on $flatten\rf_inst.$procdff$870 ($adff) from module top_module (D = \rf_inst.write_data, Q = \rf_inst.registers[13]).
Adding EN signal on $flatten\rf_inst.$procdff$869 ($adff) from module top_module (D = \rf_inst.write_data, Q = \rf_inst.registers[12]).
Adding EN signal on $flatten\rf_inst.$procdff$868 ($adff) from module top_module (D = \rf_inst.write_data, Q = \rf_inst.registers[11]).
Adding EN signal on $flatten\rf_inst.$procdff$867 ($adff) from module top_module (D = \rf_inst.write_data, Q = \rf_inst.registers[10]).
Adding EN signal on $flatten\rf_inst.$procdff$866 ($adff) from module top_module (D = \rf_inst.write_data, Q = \rf_inst.registers[9]).
Adding EN signal on $flatten\rf_inst.$procdff$865 ($adff) from module top_module (D = \rf_inst.write_data, Q = \rf_inst.registers[8]).
Adding EN signal on $flatten\rf_inst.$procdff$864 ($adff) from module top_module (D = \rf_inst.write_data, Q = \rf_inst.registers[7]).
Adding EN signal on $flatten\rf_inst.$procdff$863 ($adff) from module top_module (D = \rf_inst.write_data, Q = \rf_inst.registers[6]).
Adding EN signal on $flatten\rf_inst.$procdff$862 ($adff) from module top_module (D = \rf_inst.write_data, Q = \rf_inst.registers[5]).
Adding EN signal on $flatten\rf_inst.$procdff$861 ($adff) from module top_module (D = \rf_inst.write_data, Q = \rf_inst.registers[4]).
Adding EN signal on $flatten\rf_inst.$procdff$860 ($adff) from module top_module (D = \rf_inst.write_data, Q = \rf_inst.registers[3]).
Adding EN signal on $flatten\rf_inst.$procdff$859 ($adff) from module top_module (D = \rf_inst.write_data, Q = \rf_inst.registers[2]).
Adding EN signal on $flatten\rf_inst.$procdff$858 ($adff) from module top_module (D = \rf_inst.write_data, Q = \rf_inst.registers[1]).
Adding EN signal on $flatten\pc_inst.$procdff$891 ($adff) from module top_module (D = $flatten\pc_inst.$add$/openlane/designs/5th_project/src/counter.v:12$39_Y, Q = \pc_inst.pc).

31.7. Executing OPT_CLEAN pass (remove unused cells and wires).
Finding unused cells or wires in module \top_module..
Removed 63 unused cells and 63 unused wires.
<suppressed ~64 debug messages>

31.8. Executing OPT_EXPR pass (perform const folding).
Optimizing module top_module.

31.9. Rerunning OPT passes. (Maybe there is more to do..)

31.10. Executing OPT_MUXTREE pass (detect dead branches in mux trees).
Running muxtree optimizer on module \top_module..
  Creating internal representation of mux trees.
  Evaluating internal representation of mux trees.
  Analyzing evaluation results.
Removed 0 multiplexer ports.
<suppressed ~9 debug messages>

31.11. Executing OPT_REDUCE pass (consolidate $*mux and $reduce_* inputs).
  Optimizing cells in module \top_module.
Performed a total of 0 changes.

31.12. Executing OPT_MERGE pass (detect identical cells).
Finding identical cells in module `\top_module'.
Removed a total of 0 cells.

31.13. Executing OPT_DFF pass (perform DFF optimizations).

31.14. Executing OPT_CLEAN pass (remove unused cells and wires).
Finding unused cells or wires in module \top_module..

31.15. Executing OPT_EXPR pass (perform const folding).
Optimizing module top_module.

31.16. Finished OPT passes. (There is nothing left to do.)

32. Executing WREDUCE pass (reducing word size of cells).
Removed top 31 bits (of 32) from port B of cell top_module.$flatten\pc_inst.$add$/openlane/designs/5th_project/src/counter.v:12$39 ($add).
Removed top 2 bits (of 3) from port B of cell top_module.$flatten\imem_inst.$procmux$46_CMP0 ($eq).
Removed top 1 bits (of 3) from port B of cell top_module.$flatten\imem_inst.$procmux$45_CMP0 ($eq).
Removed top 1 bits (of 3) from port B of cell top_module.$flatten\imem_inst.$procmux$44_CMP0 ($eq).
Removed top 2 bits (of 7) from port B of cell top_module.$flatten\decoder_inst.$procmux$53_CMP0 ($eq).
Removed top 1 bits (of 7) from port B of cell top_module.$flatten\decoder_inst.$procmux$52_CMP0 ($eq).
Removed top 2 bits (of 7) from port B of cell top_module.$flatten\decoder_inst.$procmux$51_CMP0 ($eq).
Removed top 1 bits (of 7) from port B of cell top_module.$flatten\decoder_inst.$procmux$50_CMP0 ($eq).
Removed top 4 bits (of 5) from port B of cell top_module.$flatten\rf_inst.$procmux$807_CMP0 ($eq).
Removed top 3 bits (of 5) from port B of cell top_module.$flatten\rf_inst.$procmux$772_CMP0 ($eq).
Removed top 3 bits (of 5) from port B of cell top_module.$flatten\rf_inst.$procmux$738_CMP0 ($eq).
Removed top 2 bits (of 5) from port B of cell top_module.$flatten\rf_inst.$procmux$705_CMP0 ($eq).
Removed top 2 bits (of 5) from port B of cell top_module.$flatten\rf_inst.$procmux$673_CMP0 ($eq).
Removed top 2 bits (of 5) from port B of cell top_module.$flatten\rf_inst.$procmux$642_CMP0 ($eq).
Removed top 2 bits (of 5) from port B of cell top_module.$flatten\rf_inst.$procmux$612_CMP0 ($eq).
Removed top 1 bits (of 5) from port B of cell top_module.$flatten\rf_inst.$procmux$583_CMP0 ($eq).
Removed top 1 bits (of 5) from port B of cell top_module.$flatten\rf_inst.$procmux$555_CMP0 ($eq).
Removed top 1 bits (of 5) from port B of cell top_module.$flatten\rf_inst.$procmux$528_CMP0 ($eq).
Removed top 1 bits (of 5) from port B of cell top_module.$flatten\rf_inst.$procmux$502_CMP0 ($eq).
Removed top 1 bits (of 5) from port B of cell top_module.$flatten\rf_inst.$procmux$477_CMP0 ($eq).
Removed top 1 bits (of 5) from port B of cell top_module.$flatten\rf_inst.$procmux$453_CMP0 ($eq).
Removed top 1 bits (of 5) from port B of cell top_module.$flatten\rf_inst.$procmux$430_CMP0 ($eq).
Removed top 1 bits (of 5) from port B of cell top_module.$flatten\rf_inst.$procmux$408_CMP0 ($eq).
Removed top 4 bits (of 5) from port B of cell top_module.$flatten\rf_inst.$procmux$182_CMP0 ($eq).
Removed top 3 bits (of 5) from port B of cell top_module.$flatten\rf_inst.$procmux$181_CMP0 ($eq).
Removed top 3 bits (of 5) from port B of cell top_module.$flatten\rf_inst.$procmux$180_CMP0 ($eq).
Removed top 2 bits (of 5) from port B of cell top_module.$flatten\rf_inst.$procmux$179_CMP0 ($eq).
Removed top 2 bits (of 5) from port B of cell top_module.$flatten\rf_inst.$procmux$178_CMP0 ($eq).
Removed top 2 bits (of 5) from port B of cell top_module.$flatten\rf_inst.$procmux$177_CMP0 ($eq).
Removed top 2 bits (of 5) from port B of cell top_module.$flatten\rf_inst.$procmux$176_CMP0 ($eq).
Removed top 1 bits (of 5) from port B of cell top_module.$flatten\rf_inst.$procmux$175_CMP0 ($eq).
Removed top 1 bits (of 5) from port B of cell top_module.$flatten\rf_inst.$procmux$174_CMP0 ($eq).
Removed top 1 bits (of 5) from port B of cell top_module.$flatten\rf_inst.$procmux$173_CMP0 ($eq).
Removed top 1 bits (of 5) from port B of cell top_module.$flatten\rf_inst.$procmux$172_CMP0 ($eq).
Removed top 1 bits (of 5) from port B of cell top_module.$flatten\rf_inst.$procmux$171_CMP0 ($eq).
Removed top 1 bits (of 5) from port B of cell top_module.$flatten\rf_inst.$procmux$170_CMP0 ($eq).
Removed top 1 bits (of 5) from port B of cell top_module.$flatten\rf_inst.$procmux$169_CMP0 ($eq).
Removed top 1 bits (of 5) from port B of cell top_module.$flatten\rf_inst.$procmux$168_CMP0 ($eq).
Removed top 4 bits (of 5) from port B of cell top_module.$flatten\rf_inst.$procmux$149_CMP0 ($eq).
Removed top 3 bits (of 5) from port B of cell top_module.$flatten\rf_inst.$procmux$148_CMP0 ($eq).
Removed top 3 bits (of 5) from port B of cell top_module.$flatten\rf_inst.$procmux$147_CMP0 ($eq).
Removed top 2 bits (of 5) from port B of cell top_module.$flatten\rf_inst.$procmux$146_CMP0 ($eq).
Removed top 2 bits (of 5) from port B of cell top_module.$flatten\rf_inst.$procmux$145_CMP0 ($eq).
Removed top 2 bits (of 5) from port B of cell top_module.$flatten\rf_inst.$procmux$144_CMP0 ($eq).
Removed top 2 bits (of 5) from port B of cell top_module.$flatten\rf_inst.$procmux$143_CMP0 ($eq).
Removed top 1 bits (of 5) from port B of cell top_module.$flatten\rf_inst.$procmux$142_CMP0 ($eq).
Removed top 1 bits (of 5) from port B of cell top_module.$flatten\rf_inst.$procmux$141_CMP0 ($eq).
Removed top 1 bits (of 5) from port B of cell top_module.$flatten\rf_inst.$procmux$140_CMP0 ($eq).
Removed top 1 bits (of 5) from port B of cell top_module.$flatten\rf_inst.$procmux$139_CMP0 ($eq).
Removed top 1 bits (of 5) from port B of cell top_module.$flatten\rf_inst.$procmux$138_CMP0 ($eq).
Removed top 1 bits (of 5) from port B of cell top_module.$flatten\rf_inst.$procmux$137_CMP0 ($eq).
Removed top 1 bits (of 5) from port B of cell top_module.$flatten\rf_inst.$procmux$136_CMP0 ($eq).
Removed top 1 bits (of 5) from port B of cell top_module.$flatten\rf_inst.$procmux$135_CMP0 ($eq).
Removed top 2 bits (of 3) from port B of cell top_module.$flatten\alu_inst.$procmux$853_CMP1 ($eq).
Removed top 1 bits (of 3) from port B of cell top_module.$flatten\alu_inst.$procmux$852_CMP0 ($eq).
Removed top 1 bits (of 3) from port B of cell top_module.$flatten\alu_inst.$procmux$851_CMP0 ($eq).

33. Executing PEEPOPT pass (run peephole optimizers).

34. Executing OPT_CLEAN pass (remove unused cells and wires).
Finding unused cells or wires in module \top_module..

35. Executing ALUMACC pass (create $alu and $macc cells).
Extracting $alu and $macc cells in module top_module:
  creating $macc model for $flatten\alu_inst.$add$/openlane/designs/5th_project/src/alu.v:11$7 ($add).
  creating $macc model for $flatten\alu_inst.$sub$/openlane/designs/5th_project/src/alu.v:12$8 ($sub).
  creating $macc model for $flatten\pc_inst.$add$/openlane/designs/5th_project/src/counter.v:12$39 ($add).
  creating $alu model for $macc $flatten\pc_inst.$add$/openlane/designs/5th_project/src/counter.v:12$39.
  creating $alu model for $macc $flatten\alu_inst.$sub$/openlane/designs/5th_project/src/alu.v:12$8.
  creating $alu model for $macc $flatten\alu_inst.$add$/openlane/designs/5th_project/src/alu.v:11$7.
  creating $alu cell for $flatten\alu_inst.$add$/openlane/designs/5th_project/src/alu.v:11$7: $auto$alumacc.cc:485:replace_alu$1000
  creating $alu cell for $flatten\alu_inst.$sub$/openlane/designs/5th_project/src/alu.v:12$8: $auto$alumacc.cc:485:replace_alu$1003
  creating $alu cell for $flatten\pc_inst.$add$/openlane/designs/5th_project/src/counter.v:12$39: $auto$alumacc.cc:485:replace_alu$1006
  created 3 $alu and 0 $macc cells.

36. Executing SHARE pass (SAT-based resource sharing).
Found 2 cells in module top_module that may be considered for resource sharing.
  Analyzing resource sharing options for $flatten\alu_inst.$shr$/openlane/designs/5th_project/src/alu.v:14$10 ($shr):
    Found 1 activation_patterns using ctrl signal $flatten\alu_inst.$procmux$849_CMP.
    No candidates found.
  Analyzing resource sharing options for $flatten\alu_inst.$shl$/openlane/designs/5th_project/src/alu.v:13$9 ($shl):
    Found 1 activation_patterns using ctrl signal $flatten\alu_inst.$procmux$850_CMP.
    No candidates found.

37. Executing OPT pass (performing simple optimizations).

37.1. Executing OPT_EXPR pass (perform const folding).
Optimizing module top_module.

37.2. Executing OPT_MERGE pass (detect identical cells).
Finding identical cells in module `\top_module'.
Removed a total of 0 cells.

37.3. Executing OPT_MUXTREE pass (detect dead branches in mux trees).
Running muxtree optimizer on module \top_module..
  Creating internal representation of mux trees.
  Evaluating internal representation of mux trees.
  Analyzing evaluation results.
Removed 0 multiplexer ports.
<suppressed ~9 debug messages>

37.4. Executing OPT_REDUCE pass (consolidate $*mux and $reduce_* inputs).
  Optimizing cells in module \top_module.
Performed a total of 0 changes.

37.5. Executing OPT_MERGE pass (detect identical cells).
Finding identical cells in module `\top_module'.
Removed a total of 0 cells.

37.6. Executing OPT_DFF pass (perform DFF optimizations).

37.7. Executing OPT_CLEAN pass (remove unused cells and wires).
Finding unused cells or wires in module \top_module..

37.8. Executing OPT_EXPR pass (perform const folding).
Optimizing module top_module.

37.9. Finished OPT passes. (There is nothing left to do.)

38. Executing MEMORY pass.

38.1. Executing OPT_MEM pass (optimize memories).
Performed a total of 0 transformations.

38.2. Executing OPT_MEM_PRIORITY pass (removing unnecessary memory write priority relations).
Performed a total of 0 transformations.

38.3. Executing OPT_MEM_FEEDBACK pass (finding memory read-to-write feedback paths).

38.4. Executing MEMORY_BMUX2ROM pass (converting muxes to ROMs).

38.5. Executing MEMORY_DFF pass (merging $dff cells to $memrd).

38.6. Executing OPT_CLEAN pass (remove unused cells and wires).
Finding unused cells or wires in module \top_module..

38.7. Executing MEMORY_SHARE pass (consolidating $memrd/$memwr cells).

38.8. Executing OPT_MEM_WIDEN pass (optimize memories where all ports are wide).
Performed a total of 0 transformations.

38.9. Executing OPT_CLEAN pass (remove unused cells and wires).
Finding unused cells or wires in module \top_module..

38.10. Executing MEMORY_COLLECT pass (generating $mem cells).

39. Executing OPT_CLEAN pass (remove unused cells and wires).
Finding unused cells or wires in module \top_module..

40. Executing OPT pass (performing simple optimizations).

40.1. Executing OPT_EXPR pass (perform const folding).
Optimizing module top_module.
<suppressed ~5 debug messages>

40.2. Executing OPT_MERGE pass (detect identical cells).
Finding identical cells in module `\top_module'.
Removed a total of 0 cells.

40.3. Executing OPT_DFF pass (perform DFF optimizations).

40.4. Executing OPT_CLEAN pass (remove unused cells and wires).
Finding unused cells or wires in module \top_module..
Removed 5 unused cells and 5 unused wires.
<suppressed ~6 debug messages>

40.5. Finished fast OPT passes.

41. Executing MEMORY_MAP pass (converting memories to logic and flip-flops).

42. Executing OPT pass (performing simple optimizations).

42.1. Executing OPT_EXPR pass (perform const folding).
Optimizing module top_module.

42.2. Executing OPT_MERGE pass (detect identical cells).
Finding identical cells in module `\top_module'.
Removed a total of 0 cells.

42.3. Executing OPT_MUXTREE pass (detect dead branches in mux trees).
Running muxtree optimizer on module \top_module..
  Creating internal representation of mux trees.
  Evaluating internal representation of mux trees.
  Analyzing evaluation results.
Removed 0 multiplexer ports.
<suppressed ~8 debug messages>

42.4. Executing OPT_REDUCE pass (consolidate $*mux and $reduce_* inputs).
  Optimizing cells in module \top_module.
    Consolidated identical input bits for $mux cell $flatten\decoder_inst.$procmux$69:
      Old ports: A=0, B={ \decoder_inst.instruction [31] \decoder_inst.instruction [31] \decoder_inst.instruction [31] \decoder_inst.instruction [31] \decoder_inst.instruction [31] \decoder_inst.instruction [31] \decoder_inst.instruction [31] \decoder_inst.instruction [31] \decoder_inst.instruction [31] \decoder_inst.instruction [31] \decoder_inst.instruction [31] \decoder_inst.instruction [31] \decoder_inst.instruction [31] \decoder_inst.instruction [31] \decoder_inst.instruction [31] \decoder_inst.instruction [31] \decoder_inst.instruction [31] \decoder_inst.instruction [31] \decoder_inst.instruction [31] \decoder_inst.instruction [31] \decoder_inst.instruction [31:20] }, Y=$flatten\decoder_inst.$2\immediate[31:0]
      New ports: A=12'000000000000, B=\decoder_inst.instruction [31:20], Y=$flatten\decoder_inst.$2\immediate[31:0] [11:0]
      New connections: $flatten\decoder_inst.$2\immediate[31:0] [31:12] = { $flatten\decoder_inst.$2\immediate[31:0] [11] $flatten\decoder_inst.$2\immediate[31:0] [11] $flatten\decoder_inst.$2\immediate[31:0] [11] $flatten\decoder_inst.$2\immediate[31:0] [11] $flatten\decoder_inst.$2\immediate[31:0] [11] $flatten\decoder_inst.$2\immediate[31:0] [11] $flatten\decoder_inst.$2\immediate[31:0] [11] $flatten\decoder_inst.$2\immediate[31:0] [11] $flatten\decoder_inst.$2\immediate[31:0] [11] $flatten\decoder_inst.$2\immediate[31:0] [11] $flatten\decoder_inst.$2\immediate[31:0] [11] $flatten\decoder_inst.$2\immediate[31:0] [11] $flatten\decoder_inst.$2\immediate[31:0] [11] $flatten\decoder_inst.$2\immediate[31:0] [11] $flatten\decoder_inst.$2\immediate[31:0] [11] $flatten\decoder_inst.$2\immediate[31:0] [11] $flatten\decoder_inst.$2\immediate[31:0] [11] $flatten\decoder_inst.$2\immediate[31:0] [11] $flatten\decoder_inst.$2\immediate[31:0] [11] $flatten\decoder_inst.$2\immediate[31:0] [11] }
    Consolidated identical input bits for $pmux cell $flatten\imem_inst.$procmux$41:
      Old ports: A=0, B=192'000000001010000000000101000101100000000011110000000001111001011000000001111001010000110010010000111111111011110010001010001101100000000000100000000000101001011000000000010111001001111100100000, Y=\decoder_inst.instruction
      New ports: A=15'000000000000000, B=90'001000001010011001110001111011011101011001010111010010100111000000000101011000110111110100, Y={ \decoder_inst.instruction [25:22] \decoder_inst.instruction [20] \decoder_inst.instruction [16] \decoder_inst.instruction [12:7] \decoder_inst.instruction [5:4] \decoder_inst.instruction [1] }
      New connections: { \decoder_inst.instruction [31:26] \decoder_inst.instruction [21] \decoder_inst.instruction [19:17] \decoder_inst.instruction [15:13] \decoder_inst.instruction [6] \decoder_inst.instruction [3:2] \decoder_inst.instruction [0] } = { \decoder_inst.instruction [25] \decoder_inst.instruction [25] \decoder_inst.instruction [25] \decoder_inst.instruction [25] \decoder_inst.instruction [25] \decoder_inst.instruction [25] \decoder_inst.instruction [4] \decoder_inst.instruction [5] \decoder_inst.instruction [11] 1'0 \decoder_inst.instruction [5] 4'0000 \decoder_inst.instruction [1] 1'0 }
  Optimizing cells in module \top_module.
    Consolidated identical input bits for $mux cell $flatten\decoder_inst.$procmux$107:
      Old ports: A=0, B=$flatten\decoder_inst.$2\immediate[31:0], Y=\immediate
      New ports: A=12'000000000000, B=$flatten\decoder_inst.$2\immediate[31:0] [11:0], Y=\immediate [11:0]
      New connections: \immediate [31:12] = { \immediate [11] \immediate [11] \immediate [11] \immediate [11] \immediate [11] \immediate [11] \immediate [11] \immediate [11] \immediate [11] \immediate [11] \immediate [11] \immediate [11] \immediate [11] \immediate [11] \immediate [11] \immediate [11] \immediate [11] \immediate [11] \immediate [11] \immediate [11] }
    Consolidated identical input bits for $mux cell $flatten\decoder_inst.$procmux$69:
      Old ports: A=12'000000000000, B=\decoder_inst.instruction [31:20], Y=$flatten\decoder_inst.$2\immediate[31:0] [11:0]
      New ports: A=6'000000, B={ \decoder_inst.instruction [25:22] \decoder_inst.instruction [4] \decoder_inst.instruction [20] }, Y=$flatten\decoder_inst.$2\immediate[31:0] [5:0]
      New connections: $flatten\decoder_inst.$2\immediate[31:0] [11:6] = { $flatten\decoder_inst.$2\immediate[31:0] [5] $flatten\decoder_inst.$2\immediate[31:0] [5] $flatten\decoder_inst.$2\immediate[31:0] [5] $flatten\decoder_inst.$2\immediate[31:0] [5] $flatten\decoder_inst.$2\immediate[31:0] [5] $flatten\decoder_inst.$2\immediate[31:0] [5] }
    Consolidated identical input bits for $mux cell $flatten\decoder_inst.$procmux$92:
      Old ports: A=5'00000, B=\decoder_inst.instruction [19:15], Y=$flatten\decoder_inst.$2\rs1[4:0]
      New ports: A=3'000, B={ \decoder_inst.instruction [11] \decoder_inst.instruction [16] \decoder_inst.instruction [5] }, Y={ $flatten\decoder_inst.$2\rs1[4:0] [3] $flatten\decoder_inst.$2\rs1[4:0] [1:0] }
      New connections: { $flatten\decoder_inst.$2\rs1[4:0] [4] $flatten\decoder_inst.$2\rs1[4:0] [2] } = { $flatten\decoder_inst.$2\rs1[4:0] [0] 1'0 }
  Optimizing cells in module \top_module.
    Consolidated identical input bits for $mux cell $flatten\decoder_inst.$procmux$107:
      Old ports: A=12'000000000000, B=$flatten\decoder_inst.$2\immediate[31:0] [11:0], Y=\immediate [11:0]
      New ports: A=6'000000, B=$flatten\decoder_inst.$2\immediate[31:0] [5:0], Y=\immediate [5:0]
      New connections: \immediate [11:6] = { \immediate [5] \immediate [5] \immediate [5] \immediate [5] \immediate [5] \immediate [5] }
    Consolidated identical input bits for $mux cell $flatten\decoder_inst.$procmux$116:
      Old ports: A=5'00000, B=$flatten\decoder_inst.$2\rs1[4:0], Y=\rf_inst.read_reg1
      New ports: A=3'000, B={ $flatten\decoder_inst.$2\rs1[4:0] [3] $flatten\decoder_inst.$2\rs1[4:0] [1:0] }, Y={ \rf_inst.read_reg1 [3] \rf_inst.read_reg1 [1:0] }
      New connections: { \rf_inst.read_reg1 [4] \rf_inst.read_reg1 [2] } = { \rf_inst.read_reg1 [0] 1'0 }
  Optimizing cells in module \top_module.
Performed a total of 7 changes.

42.5. Executing OPT_MERGE pass (detect identical cells).
Finding identical cells in module `\top_module'.
Removed a total of 0 cells.

42.6. Executing OPT_SHARE pass.
    Found cells that share an operand and can be merged by moving the $pmux $flatten\alu_inst.$procmux$846 in front of them:
        $auto$alumacc.cc:485:replace_alu$1003
        $auto$alumacc.cc:485:replace_alu$1000

42.7. Executing OPT_DFF pass (perform DFF optimizations).

42.8. Executing OPT_CLEAN pass (remove unused cells and wires).
Finding unused cells or wires in module \top_module..
Removed 0 unused cells and 6 unused wires.
<suppressed ~1 debug messages>

42.9. Executing OPT_EXPR pass (perform const folding).
Optimizing module top_module.
<suppressed ~36 debug messages>

42.10. Rerunning OPT passes. (Maybe there is more to do..)

42.11. Executing OPT_MUXTREE pass (detect dead branches in mux trees).
Running muxtree optimizer on module \top_module..
  Creating internal representation of mux trees.
  Evaluating internal representation of mux trees.
  Analyzing evaluation results.
    dead port 1/31 on $pmux $flatten\rf_inst.$procmux$151.
    dead port 2/31 on $pmux $flatten\rf_inst.$procmux$151.
    dead port 3/31 on $pmux $flatten\rf_inst.$procmux$151.
    dead port 4/31 on $pmux $flatten\rf_inst.$procmux$151.
    dead port 6/31 on $pmux $flatten\rf_inst.$procmux$151.
    dead port 8/31 on $pmux $flatten\rf_inst.$procmux$151.
    dead port 9/31 on $pmux $flatten\rf_inst.$procmux$151.
    dead port 10/31 on $pmux $flatten\rf_inst.$procmux$151.
    dead port 11/31 on $pmux $flatten\rf_inst.$procmux$151.
    dead port 12/31 on $pmux $flatten\rf_inst.$procmux$151.
    dead port 14/31 on $pmux $flatten\rf_inst.$procmux$151.
    dead port 16/31 on $pmux $flatten\rf_inst.$procmux$151.
    dead port 17/31 on $pmux $flatten\rf_inst.$procmux$151.
    dead port 18/31 on $pmux $flatten\rf_inst.$procmux$151.
    dead port 19/31 on $pmux $flatten\rf_inst.$procmux$151.
    dead port 20/31 on $pmux $flatten\rf_inst.$procmux$151.
    dead port 21/31 on $pmux $flatten\rf_inst.$procmux$151.
    dead port 23/31 on $pmux $flatten\rf_inst.$procmux$151.
    dead port 25/31 on $pmux $flatten\rf_inst.$procmux$151.
    dead port 26/31 on $pmux $flatten\rf_inst.$procmux$151.
    dead port 27/31 on $pmux $flatten\rf_inst.$procmux$151.
    dead port 28/31 on $pmux $flatten\rf_inst.$procmux$151.
    dead port 29/31 on $pmux $flatten\rf_inst.$procmux$151.
Removed 23 multiplexer ports.
<suppressed ~9 debug messages>

42.12. Executing OPT_REDUCE pass (consolidate $*mux and $reduce_* inputs).
  Optimizing cells in module \top_module.
    New ctrl vector for $pmux cell $flatten\alu_inst.$procmux$846: { $flatten\alu_inst.$procmux$850_CMP $flatten\alu_inst.$procmux$849_CMP $auto$opt_reduce.cc:134:opt_pmux$1017 }
    New input vector for $reduce_or cell $auto$opt_reduce.cc:128:opt_pmux$1016: { $flatten\alu_inst.$procmux$852_CMP $flatten\alu_inst.$procmux$851_CMP $eq$/openlane/designs/5th_project/src/implement.v:54$3_Y $eq$/openlane/designs/5th_project/src/implement.v:54$2_Y }
  Optimizing cells in module \top_module.
Performed a total of 2 changes.

42.13. Executing OPT_MERGE pass (detect identical cells).
Finding identical cells in module `\top_module'.
Removed a total of 0 cells.

42.14. Executing OPT_SHARE pass.

42.15. Executing OPT_DFF pass (perform DFF optimizations).

42.16. Executing OPT_CLEAN pass (remove unused cells and wires).
Finding unused cells or wires in module \top_module..
Removed 1 unused cells and 24 unused wires.
<suppressed ~2 debug messages>

42.17. Executing OPT_EXPR pass (perform const folding).
Optimizing module top_module.

42.18. Rerunning OPT passes. (Maybe there is more to do..)

42.19. Executing OPT_MUXTREE pass (detect dead branches in mux trees).
Running muxtree optimizer on module \top_module..
  Creating internal representation of mux trees.
  Evaluating internal representation of mux trees.
  Analyzing evaluation results.
Removed 0 multiplexer ports.
<suppressed ~9 debug messages>

42.20. Executing OPT_REDUCE pass (consolidate $*mux and $reduce_* inputs).
  Optimizing cells in module \top_module.
Performed a total of 0 changes.

42.21. Executing OPT_MERGE pass (detect identical cells).
Finding identical cells in module `\top_module'.
Removed a total of 0 cells.

42.22. Executing OPT_SHARE pass.

42.23. Executing OPT_DFF pass (perform DFF optimizations).

42.24. Executing OPT_CLEAN pass (remove unused cells and wires).
Finding unused cells or wires in module \top_module..

42.25. Executing OPT_EXPR pass (perform const folding).
Optimizing module top_module.

42.26. Finished OPT passes. (There is nothing left to do.)

43. Executing TECHMAP pass (map to technology primitives).

43.1. Executing Verilog-2005 frontend: /nix/store/sx2v0i73mn1ih2z1nk61pm9n5gjgpidy-yosys/bin/../share/yosys/techmap.v
Parsing Verilog input from `/nix/store/sx2v0i73mn1ih2z1nk61pm9n5gjgpidy-yosys/bin/../share/yosys/techmap.v' to AST representation.
Generating RTLIL representation for module `\_90_simplemap_bool_ops'.
Generating RTLIL representation for module `\_90_simplemap_reduce_ops'.
Generating RTLIL representation for module `\_90_simplemap_logic_ops'.
Generating RTLIL representation for module `\_90_simplemap_compare_ops'.
Generating RTLIL representation for module `\_90_simplemap_various'.
Generating RTLIL representation for module `\_90_simplemap_registers'.
Generating RTLIL representation for module `\_90_shift_ops_shr_shl_sshl_sshr'.
Generating RTLIL representation for module `\_90_shift_shiftx'.
Generating RTLIL representation for module `\_90_fa'.
Generating RTLIL representation for module `\_90_lcu'.
Generating RTLIL representation for module `\_90_alu'.
Generating RTLIL representation for module `\_90_macc'.
Generating RTLIL representation for module `\_90_alumacc'.
Generating RTLIL representation for module `\$__div_mod_u'.
Generating RTLIL representation for module `\$__div_mod_trunc'.
Generating RTLIL representation for module `\_90_div'.
Generating RTLIL representation for module `\_90_mod'.
Generating RTLIL representation for module `\$__div_mod_floor'.
Generating RTLIL representation for module `\_90_divfloor'.
Generating RTLIL representation for module `\_90_modfloor'.
Generating RTLIL representation for module `\_90_pow'.
Generating RTLIL representation for module `\_90_pmux'.
Generating RTLIL representation for module `\_90_demux'.
Generating RTLIL representation for module `\_90_lut'.
Successfully finished Verilog frontend.

43.2. Continuing TECHMAP pass.
Using extmapper simplemap for cells of type $eq.
Using extmapper simplemap for cells of type $logic_or.
Using extmapper simplemap for cells of type $mux.
Using extmapper simplemap for cells of type $logic_not.
Using template $paramod$449d9706990b7b58439b70d60de11a927e2d1234\_90_pmux for cells of type $pmux.
Using extmapper simplemap for cells of type $reduce_and.
Using extmapper simplemap for cells of type $and.
Using extmapper simplemap for cells of type $reduce_or.
Using extmapper simplemap for cells of type $adffe.
Using template $paramod$d31bf4d7d72e59528d18fbd4f322e9d608532043\_90_pmux for cells of type $pmux.
Running "alumacc" on wrapper $extern:wrap:$neg:A_SIGNED=0:A_WIDTH=32:Y_WIDTH=32:394426c56d1a028ba8fdd5469b163e04011def47.
Using template $extern:wrap:$neg:A_SIGNED=0:A_WIDTH=32:Y_WIDTH=32:394426c56d1a028ba8fdd5469b163e04011def47 for cells of type $extern:wrap:$neg:A_SIGNED=0:A_WIDTH=32:Y_WIDTH=32:394426c56d1a028ba8fdd5469b163e04011def47.
Using template $paramod$49f1dc3dcd6d2c748486fe94c6744a34a19bbafe\_90_pmux for cells of type $pmux.
Using template $paramod$b1b84ea6577090e4343ab204585f770b9ac9f33b\_90_pmux for cells of type $pmux.
Using extmapper simplemap for cells of type $logic_and.
Using extmapper simplemap for cells of type $reduce_bool.
Using template $paramod$constmap:4621fcf06a436d1e2a4080e2ed9866a7d07a6e07$paramod$feecc7a0dbd012970970f2858f15e786e251f677\_90_shift_ops_shr_shl_sshl_sshr for cells of type $shr.
Using template $paramod$constmap:4621fcf06a436d1e2a4080e2ed9866a7d07a6e07$paramod$335cfd09f1afa8139c4aafcbbe5f361887b79c5e\_90_shift_ops_shr_shl_sshl_sshr for cells of type $shl.
Using template $paramod$fbc7873bff55778c0b3173955b7e4bce1d9d6834\_90_alu for cells of type $alu.
Using template $paramod$54d740639e1393b22262823179ff783ea9f17a35\_90_pmux for cells of type $pmux.
Using template $paramod$6a42b6fefed750f8a1c58eab59479d960557103c\_90_alu for cells of type $alu.
Using template $paramod$c6baa65225090ac0a120feab1b920965244aa496\_90_alu for cells of type $alu.
Using extmapper simplemap for cells of type $xor.
Using template $paramod\_90_lcu\WIDTH=32'00000000000000000000000000100000 for cells of type $lcu.
Using extmapper simplemap for cells of type $pos.
Using extmapper simplemap for cells of type $not.
Using extmapper simplemap for cells of type $or.
No more expansions possible.
<suppressed ~1903 debug messages>

44. Executing OPT pass (performing simple optimizations).

44.1. Executing OPT_EXPR pass (perform const folding).
Optimizing module top_module.
<suppressed ~992 debug messages>

44.2. Executing OPT_MERGE pass (detect identical cells).
Finding identical cells in module `\top_module'.
<suppressed ~1053 debug messages>
Removed a total of 351 cells.

44.3. Executing OPT_DFF pass (perform DFF optimizations).

44.4. Executing OPT_CLEAN pass (remove unused cells and wires).
Finding unused cells or wires in module \top_module..
Removed 166 unused cells and 1273 unused wires.
<suppressed ~167 debug messages>

44.5. Finished fast OPT passes.

45. Executing ABC pass (technology mapping using ABC).

45.1. Extracting gate netlist of module `\top_module' to `<abc-temp-dir>/input.blif'..
Extracted 3791 gates and 4788 wires to a netlist network with 996 inputs and 66 outputs.

45.1.1. Executing ABC.
Running ABC command: "/nix/store/wq2q0njg3sx8wvj2akz7x1qxwyrv9xlr-yosys-abc/bin/abc" -s -f <abc-temp-dir>/abc.script 2>&1
ABC: ABC command line: "source <abc-temp-dir>/abc.script".
ABC: 
ABC: + read_blif <abc-temp-dir>/input.blif 
ABC: + read_library <abc-temp-dir>/stdcells.genlib 
ABC: Entered genlib library with 13 gates from file "<abc-temp-dir>/stdcells.genlib".
ABC: + strash 
ABC: + dretime 
ABC: + map 
ABC: + write_blif <abc-temp-dir>/output.blif 

45.1.2. Re-integrating ABC results.
ABC RESULTS:              XNOR cells:       19
ABC RESULTS:               NOR cells:       59
ABC RESULTS:               NOT cells:       75
ABC RESULTS:               AND cells:       15
ABC RESULTS:             ORNOT cells:      126
ABC RESULTS:                OR cells:     1176
ABC RESULTS:               MUX cells:      394
ABC RESULTS:            ANDNOT cells:     1707
ABC RESULTS:              NAND cells:       39
ABC RESULTS:               XOR cells:       76
ABC RESULTS:        internal signals:     3726
ABC RESULTS:           input signals:      996
ABC RESULTS:          output signals:       66
Removing temp directory.

46. Executing OPT pass (performing simple optimizations).

46.1. Executing OPT_EXPR pass (perform const folding).
Optimizing module top_module.
<suppressed ~2 debug messages>

46.2. Executing OPT_MERGE pass (detect identical cells).
Finding identical cells in module `\top_module'.
<suppressed ~15 debug messages>
Removed a total of 5 cells.

46.3. Executing OPT_DFF pass (perform DFF optimizations).

46.4. Executing OPT_CLEAN pass (remove unused cells and wires).
Finding unused cells or wires in module \top_module..
Removed 0 unused cells and 1692 unused wires.
<suppressed ~17 debug messages>

46.5. Finished fast OPT passes.

47. Executing HIERARCHY pass (managing design hierarchy).

47.1. Analyzing design hierarchy..
Top module:  \top_module

47.2. Analyzing design hierarchy..
Top module:  \top_module
Removed 0 unused modules.

48. Printing statistics.

=== top_module ===

   Number of wires:               3705
   Number of wire bits:           5174
   Number of public wires:          57
   Number of public wire bits:    1464
   Number of memories:               0
   Number of memory bits:            0
   Number of processes:              0
   Number of cells:               4676
     $_ANDNOT_                    1705
     $_AND_                         15
     $_DFFE_PP0P_                  995
     $_MUX_                        391
     $_NAND_                        39
     $_NOR_                         59
     $_NOT_                         75
     $_ORNOT_                      126
     $_OR_                        1176
     $_XNOR_                        19
     $_XOR_                         76

49. Executing CHECK pass (checking for obvious problems).
Checking module top_module...
Found and reported 0 problems.

50. Generating Graphviz representation of design.
Writing dot description to `/openlane/designs/5th_project/runs/RUN_2025.06.16_11.45.26/tmp/synthesis/post_techmap.dot'.
Dumping module top_module to page 1.

51. Executing SHARE pass (SAT-based resource sharing).

52. Executing OPT pass (performing simple optimizations).

52.1. Executing OPT_EXPR pass (perform const folding).
Optimizing module top_module.

52.2. Executing OPT_MERGE pass (detect identical cells).
Finding identical cells in module `\top_module'.
Removed a total of 0 cells.

52.3. Executing OPT_MUXTREE pass (detect dead branches in mux trees).
Running muxtree optimizer on module \top_module..
  Creating internal representation of mux trees.
  No muxes found in this module.
Removed 0 multiplexer ports.

52.4. Executing OPT_REDUCE pass (consolidate $*mux and $reduce_* inputs).
  Optimizing cells in module \top_module.
Performed a total of 0 changes.

52.5. Executing OPT_MERGE pass (detect identical cells).
Finding identical cells in module `\top_module'.
Removed a total of 0 cells.

52.6. Executing OPT_DFF pass (perform DFF optimizations).

52.7. Executing OPT_CLEAN pass (remove unused cells and wires).
Finding unused cells or wires in module \top_module..

52.8. Executing OPT_EXPR pass (perform const folding).
Optimizing module top_module.

52.9. Finished OPT passes. (There is nothing left to do.)

53. Executing OPT_CLEAN pass (remove unused cells and wires).
Finding unused cells or wires in module \top_module..
Removed 0 unused cells and 21 unused wires.
<suppressed ~21 debug messages>

54. Printing statistics.

=== top_module ===

   Number of wires:               3684
   Number of wire bits:           4769
   Number of public wires:          36
   Number of public wire bits:    1059
   Number of memories:               0
   Number of memory bits:            0
   Number of processes:              0
   Number of cells:               4676
     $_ANDNOT_                    1705
     $_AND_                         15
     $_DFFE_PP0P_                  995
     $_MUX_                        391
     $_NAND_                        39
     $_NOR_                         59
     $_NOT_                         75
     $_ORNOT_                      126
     $_OR_                        1176
     $_XNOR_                        19
     $_XOR_                         76

mapping tbuf

55. Executing TECHMAP pass (map to technology primitives).

55.1. Executing Verilog-2005 frontend: /root/.volare/sky130A/libs.tech/openlane/sky130_fd_sc_hd/tribuff_map.v
Parsing Verilog input from `/root/.volare/sky130A/libs.tech/openlane/sky130_fd_sc_hd/tribuff_map.v' to AST representation.
Generating RTLIL representation for module `\$_TBUF_'.
Successfully finished Verilog frontend.

55.2. Continuing TECHMAP pass.
No more expansions possible.
<suppressed ~3 debug messages>

56. Executing SIMPLEMAP pass (map simple cells to gate primitives).

57. Executing TECHMAP pass (map to technology primitives).

57.1. Executing Verilog-2005 frontend: /root/.volare/sky130A/libs.tech/openlane/sky130_fd_sc_hd/latch_map.v
Parsing Verilog input from `/root/.volare/sky130A/libs.tech/openlane/sky130_fd_sc_hd/latch_map.v' to AST representation.
Generating RTLIL representation for module `\$_DLATCH_P_'.
Generating RTLIL representation for module `\$_DLATCH_N_'.
Successfully finished Verilog frontend.

57.2. Continuing TECHMAP pass.
No more expansions possible.
<suppressed ~4 debug messages>

58. Executing SIMPLEMAP pass (map simple cells to gate primitives).

59. Executing DFFLIBMAP pass (mapping DFF cells to sequential cells from liberty file).
  cell sky130_fd_sc_hd__dfxtp_2 (noninv, pins=3, area=21.27) is a direct match for cell type $_DFF_P_.
  cell sky130_fd_sc_hd__dfrtp_2 (noninv, pins=4, area=26.28) is a direct match for cell type $_DFF_PN0_.
  cell sky130_fd_sc_hd__dfstp_2 (noninv, pins=4, area=26.28) is a direct match for cell type $_DFF_PN1_.
  cell sky130_fd_sc_hd__dfbbn_2 (noninv, pins=6, area=35.03) is a direct match for cell type $_DFFSR_NNN_.
  final dff cell mappings:
    unmapped dff cell: $_DFF_N_
    \sky130_fd_sc_hd__dfxtp_2 _DFF_P_ (.CLK( C), .D( D), .Q( Q));
    unmapped dff cell: $_DFF_NN0_
    unmapped dff cell: $_DFF_NN1_
    unmapped dff cell: $_DFF_NP0_
    unmapped dff cell: $_DFF_NP1_
    \sky130_fd_sc_hd__dfrtp_2 _DFF_PN0_ (.CLK( C), .D( D), .Q( Q), .RESET_B( R));
    \sky130_fd_sc_hd__dfstp_2 _DFF_PN1_ (.CLK( C), .D( D), .Q( Q), .SET_B( R));
    unmapped dff cell: $_DFF_PP0_
    unmapped dff cell: $_DFF_PP1_
    \sky130_fd_sc_hd__dfbbn_2 _DFFSR_NNN_ (.CLK_N( C), .D( D), .Q( Q), .Q_N(~Q), .RESET_B( R), .SET_B( S));
    unmapped dff cell: $_DFFSR_NNP_
    unmapped dff cell: $_DFFSR_NPN_
    unmapped dff cell: $_DFFSR_NPP_
    unmapped dff cell: $_DFFSR_PNN_
    unmapped dff cell: $_DFFSR_PNP_
    unmapped dff cell: $_DFFSR_PPN_
    unmapped dff cell: $_DFFSR_PPP_

59.1. Executing DFFLEGALIZE pass (convert FFs to types supported by the target).
Mapping DFF cells in module `\top_module':
  mapped 995 $_DFF_PN0_ cells to \sky130_fd_sc_hd__dfrtp_2 cells.

60. Printing statistics.

=== top_module ===

   Number of wires:               5674
   Number of wire bits:           6759
   Number of public wires:          36
   Number of public wire bits:    1059
   Number of memories:               0
   Number of memory bits:            0
   Number of processes:              0
   Number of cells:               6666
     $_ANDNOT_                    1705
     $_AND_                         15
     $_MUX_                       1386
     $_NAND_                        39
     $_NOR_                         59
     $_NOT_                       1070
     $_ORNOT_                      126
     $_OR_                        1176
     $_XNOR_                        19
     $_XOR_                         76
     sky130_fd_sc_hd__dfrtp_2      995

[INFO]: USING STRATEGY AREA 0

61. Executing ABC pass (technology mapping using ABC).

61.1. Extracting gate netlist of module `\top_module' to `/tmp/yosys-abc-aB2DnS/input.blif'..
Extracted 5671 gates and 6668 wires to a netlist network with 997 inputs and 2022 outputs.

61.1.1. Executing ABC.
Running ABC command: "/nix/store/wq2q0njg3sx8wvj2akz7x1qxwyrv9xlr-yosys-abc/bin/abc" -s -f /tmp/yosys-abc-aB2DnS/abc.script 2>&1
ABC: ABC command line: "source /tmp/yosys-abc-aB2DnS/abc.script".
ABC: 
ABC: + read_blif /tmp/yosys-abc-aB2DnS/input.blif 
ABC: + read_lib -w /openlane/designs/5th_project/runs/RUN_2025.06.16_11.45.26/tmp/synthesis/trimmed.lib 
ABC: Parsing finished successfully.  Parsing time =     0.04 sec
ABC: Scl_LibertyReadGenlib() skipped sequential cell "sky130_fd_sc_hd__dfbbn_2".
ABC: Scl_LibertyReadGenlib() skipped sequential cell "sky130_fd_sc_hd__dfrbp_2".
ABC: Scl_LibertyReadGenlib() skipped sequential cell "sky130_fd_sc_hd__dfrtp_2".
ABC: Scl_LibertyReadGenlib() skipped sequential cell "sky130_fd_sc_hd__dfrtp_4".
ABC: Scl_LibertyReadGenlib() skipped sequential cell "sky130_fd_sc_hd__dfsbp_2".
ABC: Scl_LibertyReadGenlib() skipped sequential cell "sky130_fd_sc_hd__dfstp_2".
ABC: Scl_LibertyReadGenlib() skipped sequential cell "sky130_fd_sc_hd__dfstp_4".
ABC: Scl_LibertyReadGenlib() skipped sequential cell "sky130_fd_sc_hd__dfxbp_2".
ABC: Scl_LibertyReadGenlib() skipped sequential cell "sky130_fd_sc_hd__dfxtp_2".
ABC: Scl_LibertyReadGenlib() skipped sequential cell "sky130_fd_sc_hd__dfxtp_4".
ABC: Scl_LibertyReadGenlib() skipped sequential cell "sky130_fd_sc_hd__dlxtn_1".
ABC: Scl_LibertyReadGenlib() skipped sequential cell "sky130_fd_sc_hd__dlxtn_2".
ABC: Scl_LibertyReadGenlib() skipped sequential cell "sky130_fd_sc_hd__dlxtn_4".
ABC: Scl_LibertyReadGenlib() skipped sequential cell "sky130_fd_sc_hd__dlxtp_1".
ABC: Scl_LibertyReadGenlib() skipped three-state cell "sky130_fd_sc_hd__ebufn_2".
ABC: Scl_LibertyReadGenlib() skipped three-state cell "sky130_fd_sc_hd__ebufn_4".
ABC: Scl_LibertyReadGenlib() skipped three-state cell "sky130_fd_sc_hd__ebufn_8".
ABC: Library "sky130A_merged" from "/openlane/designs/5th_project/runs/RUN_2025.06.16_11.45.26/tmp/synthesis/trimmed.lib" has 175 cells (17 skipped: 14 seq; 3 tri-state; 0 no func; 0 dont_use).  Time =     0.06 sec
ABC: Memory =    9.54 MB. Time =     0.06 sec
ABC: Warning: Detected 2 multi-output gates (for example, "sky130_fd_sc_hd__fa_1").
ABC: + read_constr -v /openlane/designs/5th_project/runs/RUN_2025.06.16_11.45.26/tmp/synthesis/synthesis.sdc 
ABC: Setting driving cell to be "sky130_fd_sc_hd__inv_2".
ABC: Setting output load to be 33.442001.
ABC: + read_constr /openlane/designs/5th_project/runs/RUN_2025.06.16_11.45.26/tmp/synthesis/synthesis.sdc 
ABC: + fx 
ABC: + mfs 
ABC: + strash 
ABC: + drf -l 
ABC: + balance 
ABC: + drw -l 
ABC: + drf -l 
ABC: + balance 
ABC: + drw -l 
ABC: + drw -l -z 
ABC: + balance 
ABC: + drf -l -z 
ABC: + drw -l -z 
ABC: + balance 
ABC: + retime -D -D 10000 -M 5 
ABC: + scleanup 
ABC: Error: The network is combinational.
ABC: + fraig_store 
ABC: + balance 
ABC: + fraig_store 
ABC: + balance 
ABC: + drw -l 
ABC: + drf -l 
ABC: + balance 
ABC: + drw -l 
ABC: + drw -l -z 
ABC: + balance 
ABC: + drf -l -z 
ABC: + drw -l -z 
ABC: + balance 
ABC: + fraig_store 
ABC: + balance 
ABC: + drw -l 
ABC: + drf -l 
ABC: + balance 
ABC: + drw -l 
ABC: + drw -l -z 
ABC: + balance 
ABC: + drf -l -z 
ABC: + drw -l -z 
ABC: + balance 
ABC: + fraig_store 
ABC: + balance 
ABC: + drw -l 
ABC: + drf -l 
ABC: + balance 
ABC: + drw -l 
ABC: + drw -l -z 
ABC: + balance 
ABC: + drf -l -z 
ABC: + drw -l -z 
ABC: + balance 
ABC: + fraig_store 
ABC: + fraig_restore 
ABC: + amap -m -Q 0.1 -F 20 -A 20 -C 5000 
ABC: + retime -D -D 10000 
ABC: + &get -n 
ABC: + &st 
ABC: + &dch 
ABC: + &nf 
ABC: + &put 
ABC: + buffer -N 10 -S 750.0 
ABC: + upsize -D 10000 
ABC: Current delay (7707.54 ps) does not exceed the target delay (10000.00 ps). Upsizing is not performed.
ABC: + dnsize -D 10000 
ABC: + stime -p 
ABC: WireLoad = "none"  Gates =   3696 ( 79.5 %)   Cap = 17.5 ff ( 16.5 %)   Area =    18096.11 ( 20.5 %)   Delay =  8750.81 ps  (  1.7 %)               
ABC: Path  0 --       3 : 0    2 pi                        A =   0.00  Df =  13.7   -8.2 ps  S =  24.9 ps  Cin =  0.0 ff  Cout =   3.8 ff  Cmax =   0.0 ff  G =    0  
ABC: Path  1 --    3020 : 1   10 sky130_fd_sc_hd__buf_1    A =   3.75  Df = 303.9 -117.2 ps  S = 359.3 ps  Cin =  2.1 ff  Cout =  30.3 ff  Cmax = 130.0 ff  G = 1384  
ABC: Path  2 --    3032 : 4   10 sky130_fd_sc_hd__and4bb_2 A =  12.51  Df = 687.5 -172.4 ps  S = 168.2 ps  Cin =  1.5 ff  Cout =  24.7 ff  Cmax = 270.1 ff  G = 1550  
ABC: Path  3 --    3074 : 4    3 sky130_fd_sc_hd__a211o_2  A =  10.01  Df = 877.3  -13.1 ps  S =  64.9 ps  Cin =  2.4 ff  Cout =   9.8 ff  Cmax = 325.0 ff  G =  389  
ABC: Path  4 --    3076 : 4    5 sky130_fd_sc_hd__a211o_2  A =  10.01  Df =1221.7 -225.3 ps  S =  77.2 ps  Cin =  2.4 ff  Cout =  13.2 ff  Cmax = 325.0 ff  G =  534  
ABC: Path  5 --    3079 : 4    4 sky130_fd_sc_hd__or4_2    A =   8.76  Df =1910.3 -748.2 ps  S = 151.1 ps  Cin =  1.5 ff  Cout =  17.1 ff  Cmax = 310.4 ff  G = 1088  
ABC: Path  6 --    3080 : 3    5 sky130_fd_sc_hd__or3_2    A =   7.51  Df =2427.4-1083.8 ps  S = 129.1 ps  Cin =  1.5 ff  Cout =  21.0 ff  Cmax = 310.4 ff  G = 1320  
ABC: Path  7 --    3087 : 3    1 sky130_fd_sc_hd__or3_2    A =   7.51  Df =2887.9-1422.6 ps  S =  72.4 ps  Cin =  1.5 ff  Cout =   2.2 ff  Cmax = 310.4 ff  G =  138  
ABC: Path  8 --    3088 : 1    7 sky130_fd_sc_hd__buf_1    A =   3.75  Df =3069.7-1364.8 ps  S = 284.8 ps  Cin =  2.1 ff  Cout =  23.7 ff  Cmax = 130.0 ff  G = 1079  
ABC: Path  9 --    3090 : 3    3 sky130_fd_sc_hd__nor3_2   A =  10.01  Df =3376.4-1552.3 ps  S = 299.7 ps  Cin =  4.4 ff  Cout =  15.0 ff  Cmax =  92.5 ff  G =  332  
ABC: Path 10 --    3098 : 3    1 sky130_fd_sc_hd__and3_2   A =   7.51  Df =3604.9-1598.2 ps  S =  42.9 ps  Cin =  1.5 ff  Cout =   2.2 ff  Cmax = 309.5 ff  G =  141  
ABC: Path 11 --    3099 : 1    8 sky130_fd_sc_hd__buf_1    A =   3.75  Df =3922.6-1713.2 ps  S = 389.5 ps  Cin =  2.1 ff  Cout =  32.8 ff  Cmax = 130.0 ff  G = 1508  
ABC: Path 12 --    3106 : 4    1 sky130_fd_sc_hd__and4_2   A =  10.01  Df =4202.6-1765.6 ps  S =  50.4 ps  Cin =  1.5 ff  Cout =   2.2 ff  Cmax = 300.3 ff  G =  138  
ABC: Path 13 --    3107 : 1    6 sky130_fd_sc_hd__buf_1    A =   3.75  Df =4461.7-1853.3 ps  S = 300.2 ps  Cin =  2.1 ff  Cout =  25.0 ff  Cmax = 130.0 ff  G = 1137  
ABC: Path 14 --    3109 : 3    8 sky130_fd_sc_hd__nand3b_2 A =  11.26  Df =4676.3-1875.1 ps  S = 181.3 ps  Cin =  3.5 ff  Cout =  25.6 ff  Cmax = 263.7 ff  G =  708  
ABC: Path 15 --    3238 : 3    3 sky130_fd_sc_hd__and3_2   A =   7.51  Df =4942.3  -85.7 ps  S =  71.7 ps  Cin =  1.5 ff  Cout =   8.6 ff  Cmax = 309.5 ff  G =  550  
ABC: Path 16 --    3244 : 4    3 sky130_fd_sc_hd__or4_2    A =   8.76  Df =5613.9 -552.2 ps  S = 110.9 ps  Cin =  1.5 ff  Cout =   5.6 ff  Cmax = 310.4 ff  G =  355  
ABC: Path 17 --    3278 : 4    1 sky130_fd_sc_hd__or4_2    A =   8.76  Df =6278.4-1115.9 ps  S =  95.3 ps  Cin =  1.5 ff  Cout =   2.5 ff  Cmax = 310.4 ff  G =  154  
ABC: Path 18 --    3289 : 4    4 sky130_fd_sc_hd__o211a_2  A =  10.01  Df =6562.6-1165.0 ps  S =  94.3 ps  Cin =  2.4 ff  Cout =  12.7 ff  Cmax = 268.3 ff  G =  507  
ABC: Path 19 --    3304 : 4    2 sky130_fd_sc_hd__or4_2    A =   8.76  Df =7208.5-1683.9 ps  S = 104.0 ps  Cin =  1.5 ff  Cout =   3.9 ff  Cmax = 310.4 ff  G =  253  
ABC: Path 20 --    3433 : 2    2 sky130_fd_sc_hd__and2_2   A =   7.51  Df =7407.7-1747.5 ps  S =  53.2 ps  Cin =  1.5 ff  Cout =   6.1 ff  Cmax = 303.0 ff  G =  405  
ABC: Path 21 --    3434 : 2    3 sky130_fd_sc_hd__or2_2    A =   6.26  Df =7722.8-1871.1 ps  S =  73.6 ps  Cin =  1.5 ff  Cout =   9.6 ff  Cmax = 299.4 ff  G =  631  
ABC: Path 22 --    3436 : 3    1 sky130_fd_sc_hd__a21o_2   A =   8.76  Df =7933.8-1683.8 ps  S =  32.4 ps  Cin =  2.4 ff  Cout =   2.5 ff  Cmax = 309.5 ff  G =  100  
ABC: Path 23 --    3455 : 4    3 sky130_fd_sc_hd__a31o_2   A =   8.76  Df =8254.4 -179.6 ps  S = 218.3 ps  Cin =  2.4 ff  Cout =  37.0 ff  Cmax = 271.9 ff  G = 1565  
ABC: Path 24 --    4870 : 3    1 sky130_fd_sc_hd__mux2_2   A =  11.26  Df =8531.9 -271.9 ps  S =  45.5 ps  Cin =  2.3 ff  Cout =   2.2 ff  Cmax = 297.6 ff  G =   92  
ABC: Path 25 --    4871 : 1    1 sky130_fd_sc_hd__buf_1    A =   3.75  Df =8750.8 -169.9 ps  S = 396.5 ps  Cin =  2.1 ff  Cout =  33.4 ff  Cmax = 130.0 ff  G = 1590  
ABC: Start-point = pi2 (\imem_inst.pc [1]).  End-point = po645 ($auto$rtlil.cc:2684:MuxGate$14741).
ABC: + print_stats -m 
ABC: netlist                       : i/o =  997/ 2022  lat =    0  nd =  3696  edge =   5116  area =18086.64  delay =25.00  lev = 25
ABC: + write_blif /tmp/yosys-abc-aB2DnS/output.blif 

61.1.2. Re-integrating ABC results.
ABC RESULTS:   sky130_fd_sc_hd__and3b_2 cells:        1
ABC RESULTS:   sky130_fd_sc_hd__and4bb_2 cells:        1
ABC RESULTS:   sky130_fd_sc_hd__and4b_2 cells:        1
ABC RESULTS:   sky130_fd_sc_hd__nor3b_2 cells:        1
ABC RESULTS:   sky130_fd_sc_hd__and4_2 cells:        1
ABC RESULTS:   sky130_fd_sc_hd__nand3b_2 cells:        1
ABC RESULTS:   sky130_fd_sc_hd__o22ai_2 cells:        2
ABC RESULTS:   sky130_fd_sc_hd__o32a_2 cells:        1
ABC RESULTS:   sky130_fd_sc_hd__nor3_2 cells:        4
ABC RESULTS:   sky130_fd_sc_hd__o22a_2 cells:        2
ABC RESULTS:   sky130_fd_sc_hd__and3_2 cells:       13
ABC RESULTS:   sky130_fd_sc_hd__or4_2 cells:        6
ABC RESULTS:   sky130_fd_sc_hd__a21bo_2 cells:        4
ABC RESULTS:   sky130_fd_sc_hd__o311a_2 cells:        1
ABC RESULTS:   sky130_fd_sc_hd__a22oi_2 cells:       16
ABC RESULTS:   sky130_fd_sc_hd__a31oi_2 cells:        3
ABC RESULTS:   sky130_fd_sc_hd__a221oi_2 cells:        4
ABC RESULTS:   sky130_fd_sc_hd__o221a_2 cells:        1
ABC RESULTS:   sky130_fd_sc_hd__a21boi_2 cells:        1
ABC RESULTS:   sky130_fd_sc_hd__a2bb2o_2 cells:        1
ABC RESULTS:   sky130_fd_sc_hd__or3b_2 cells:        3
ABC RESULTS:   sky130_fd_sc_hd__a211o_2 cells:       11
ABC RESULTS:   sky130_fd_sc_hd__o21ba_2 cells:        2
ABC RESULTS:   sky130_fd_sc_hd__a221o_2 cells:       16
ABC RESULTS:   sky130_fd_sc_hd__or2b_2 cells:        6
ABC RESULTS:   sky130_fd_sc_hd__o211a_2 cells:        5
ABC RESULTS:   sky130_fd_sc_hd__o21bai_2 cells:        3
ABC RESULTS:   sky130_fd_sc_hd__o31a_2 cells:        5
ABC RESULTS:   sky130_fd_sc_hd__nand3_2 cells:        4
ABC RESULTS:   sky130_fd_sc_hd__and2b_2 cells:        6
ABC RESULTS:   sky130_fd_sc_hd__xnor2_2 cells:       23
ABC RESULTS:   sky130_fd_sc_hd__a21oi_2 cells:       23
ABC RESULTS:   sky130_fd_sc_hd__o21ai_2 cells:       16
ABC RESULTS:   sky130_fd_sc_hd__nor2_2 cells:       46
ABC RESULTS:   sky130_fd_sc_hd__a31o_2 cells:       15
ABC RESULTS:   sky130_fd_sc_hd__xor2_2 cells:       10
ABC RESULTS:   sky130_fd_sc_hd__a32o_2 cells:        9
ABC RESULTS:   sky130_fd_sc_hd__o21a_2 cells:       12
ABC RESULTS:   sky130_fd_sc_hd__nand2_2 cells:       40
ABC RESULTS:   sky130_fd_sc_hd__or3_2 cells:       17
ABC RESULTS:   sky130_fd_sc_hd__and2_2 cells:      114
ABC RESULTS:   sky130_fd_sc_hd__or2_2 cells:       41
ABC RESULTS:   sky130_fd_sc_hd__mux2_2 cells:      146
ABC RESULTS:   sky130_fd_sc_hd__a21o_2 cells:       57
ABC RESULTS:   sky130_fd_sc_hd__a22o_2 cells:       61
ABC RESULTS:   sky130_fd_sc_hd__buf_1 cells:     1926
ABC RESULTS:   sky130_fd_sc_hd__inv_2 cells:     1014
ABC RESULTS:        internal signals:     3649
ABC RESULTS:           input signals:      997
ABC RESULTS:          output signals:     2022
Removing temp directory.

62. Executing SETUNDEF pass (replace undef values with defined constants).

63. Executing HILOMAP pass (mapping to constant drivers).

64. Executing SPLITNETS pass (splitting up multi-bit signals).

65. Executing OPT_CLEAN pass (remove unused cells and wires).
Finding unused cells or wires in module \top_module..
Removed 3549 unused cells and 10307 unused wires.
<suppressed ~4443 debug messages>

66. Executing INSBUF pass (insert buffer cells for connected wires).

67. Executing CHECK pass (checking for obvious problems).
Checking module top_module...
Found and reported 0 problems.

68. Printing statistics.

=== top_module ===

   Number of wires:               1114
   Number of wire bits:           1145
   Number of public wires:         135
   Number of public wire bits:     166
   Number of memories:               0
   Number of memory bits:            0
   Number of processes:              0
   Number of cells:               1142
     sky130_fd_sc_hd__a211o_2       11
     sky130_fd_sc_hd__a21bo_2        4
     sky130_fd_sc_hd__a21boi_2       1
     sky130_fd_sc_hd__a21o_2        57
     sky130_fd_sc_hd__a21oi_2       23
     sky130_fd_sc_hd__a221o_2       16
     sky130_fd_sc_hd__a221oi_2       4
     sky130_fd_sc_hd__a22o_2        61
     sky130_fd_sc_hd__a22oi_2       16
     sky130_fd_sc_hd__a2bb2o_2       1
     sky130_fd_sc_hd__a31o_2        15
     sky130_fd_sc_hd__a31oi_2        3
     sky130_fd_sc_hd__a32o_2         9
     sky130_fd_sc_hd__and2_2        86
     sky130_fd_sc_hd__and2b_2        6
     sky130_fd_sc_hd__and3_2        13
     sky130_fd_sc_hd__and3b_2        1
     sky130_fd_sc_hd__and4_2         1
     sky130_fd_sc_hd__and4b_2        1
     sky130_fd_sc_hd__and4bb_2       1
     sky130_fd_sc_hd__buf_1        170
     sky130_fd_sc_hd__dfrtp_2      131
     sky130_fd_sc_hd__inv_2        150
     sky130_fd_sc_hd__mux2_2       114
     sky130_fd_sc_hd__nand2_2       40
     sky130_fd_sc_hd__nand3_2        4
     sky130_fd_sc_hd__nand3b_2       1
     sky130_fd_sc_hd__nor2_2        46
     sky130_fd_sc_hd__nor3_2         4
     sky130_fd_sc_hd__nor3b_2        1
     sky130_fd_sc_hd__o211a_2        5
     sky130_fd_sc_hd__o21a_2        12
     sky130_fd_sc_hd__o21ai_2       16
     sky130_fd_sc_hd__o21ba_2        2
     sky130_fd_sc_hd__o21bai_2       3
     sky130_fd_sc_hd__o221a_2        1
     sky130_fd_sc_hd__o22a_2         2
     sky130_fd_sc_hd__o22ai_2        2
     sky130_fd_sc_hd__o311a_2        1
     sky130_fd_sc_hd__o31a_2         5
     sky130_fd_sc_hd__o32a_2         1
     sky130_fd_sc_hd__or2_2         37
     sky130_fd_sc_hd__or2b_2         6
     sky130_fd_sc_hd__or3_2         16
     sky130_fd_sc_hd__or3b_2         3
     sky130_fd_sc_hd__or4_2          6
     sky130_fd_sc_hd__xnor2_2       23
     sky130_fd_sc_hd__xor2_2        10

   Chip area for module '\top_module': 11100.646400

69. Executing Verilog backend.
Dumping module `\top_module'.

70. Executing JSON backend.

Warnings: 1 unique messages, 1 total
End of script. Logfile hash: f97a04ab77, CPU: user 1.40s system 0.05s, MEM: 48.25 MB peak
Yosys 0.38 (git sha1 543faed9c8c, clang++ 17.0.6 -fPIC -Os)
Time spent: 63% 2x abc (2 sec), 7% 25x opt_expr (0 sec), ...
