
68. Printing statistics.

=== top_module ===

   Number of wires:               1114
   Number of wire bits:           1145
   Number of public wires:         135
   Number of public wire bits:     166
   Number of memories:               0
   Number of memory bits:            0
   Number of processes:              0
   Number of cells:               1142
     sky130_fd_sc_hd__a211o_2       11
     sky130_fd_sc_hd__a21bo_2        4
     sky130_fd_sc_hd__a21boi_2       1
     sky130_fd_sc_hd__a21o_2        57
     sky130_fd_sc_hd__a21oi_2       23
     sky130_fd_sc_hd__a221o_2       16
     sky130_fd_sc_hd__a221oi_2       4
     sky130_fd_sc_hd__a22o_2        61
     sky130_fd_sc_hd__a22oi_2       16
     sky130_fd_sc_hd__a2bb2o_2       1
     sky130_fd_sc_hd__a31o_2        15
     sky130_fd_sc_hd__a31oi_2        3
     sky130_fd_sc_hd__a32o_2         9
     sky130_fd_sc_hd__and2_2        86
     sky130_fd_sc_hd__and2b_2        6
     sky130_fd_sc_hd__and3_2        13
     sky130_fd_sc_hd__and3b_2        1
     sky130_fd_sc_hd__and4_2         1
     sky130_fd_sc_hd__and4b_2        1
     sky130_fd_sc_hd__and4bb_2       1
     sky130_fd_sc_hd__buf_1        170
     sky130_fd_sc_hd__dfrtp_2      131
     sky130_fd_sc_hd__inv_2        150
     sky130_fd_sc_hd__mux2_2       114
     sky130_fd_sc_hd__nand2_2       40
     sky130_fd_sc_hd__nand3_2        4
     sky130_fd_sc_hd__nand3b_2       1
     sky130_fd_sc_hd__nor2_2        46
     sky130_fd_sc_hd__nor3_2         4
     sky130_fd_sc_hd__nor3b_2        1
     sky130_fd_sc_hd__o211a_2        5
     sky130_fd_sc_hd__o21a_2        12
     sky130_fd_sc_hd__o21ai_2       16
     sky130_fd_sc_hd__o21ba_2        2
     sky130_fd_sc_hd__o21bai_2       3
     sky130_fd_sc_hd__o221a_2        1
     sky130_fd_sc_hd__o22a_2         2
     sky130_fd_sc_hd__o22ai_2        2
     sky130_fd_sc_hd__o311a_2        1
     sky130_fd_sc_hd__o31a_2         5
     sky130_fd_sc_hd__o32a_2         1
     sky130_fd_sc_hd__or2_2         37
     sky130_fd_sc_hd__or2b_2         6
     sky130_fd_sc_hd__or3_2         16
     sky130_fd_sc_hd__or3b_2         3
     sky130_fd_sc_hd__or4_2          6
     sky130_fd_sc_hd__xnor2_2       23
     sky130_fd_sc_hd__xor2_2        10

   Chip area for module '\top_module': 11100.646400

